Archive member included to satisfy reference by file (symbol)

/opt/st/stm32cubeide_1.10.1/plugins/com.st.stm32cube.ide.mcu.externaltools.gnu-tools-for-stm32.10.3-2021.10.linux64_1.0.0.202111181127/tools/bin/../lib/gcc/arm-none-eabi/10.3.1/../../../../arm-none-eabi/lib/thumb/v7-m/nofp/libc_nano.a(lib_a-errno.o)
                              ./Core/Src/syscalls.o (__errno)
/opt/st/stm32cubeide_1.10.1/plugins/com.st.stm32cube.ide.mcu.externaltools.gnu-tools-for-stm32.10.3-2021.10.linux64_1.0.0.202111181127/tools/bin/../lib/gcc/arm-none-eabi/10.3.1/../../../../arm-none-eabi/lib/thumb/v7-m/nofp/libc_nano.a(lib_a-exit.o)
                              /opt/st/stm32cubeide_1.10.1/plugins/com.st.stm32cube.ide.mcu.externaltools.gnu-tools-for-stm32.10.3-2021.10.linux64_1.0.0.202111181127/tools/bin/../lib/gcc/arm-none-eabi/10.3.1/../../../../arm-none-eabi/lib/thumb/v7-m/nofp/crt0.o (exit)
/opt/st/stm32cubeide_1.10.1/plugins/com.st.stm32cube.ide.mcu.externaltools.gnu-tools-for-stm32.10.3-2021.10.linux64_1.0.0.202111181127/tools/bin/../lib/gcc/arm-none-eabi/10.3.1/../../../../arm-none-eabi/lib/thumb/v7-m/nofp/libc_nano.a(lib_a-impure.o)
                              /opt/st/stm32cubeide_1.10.1/plugins/com.st.stm32cube.ide.mcu.externaltools.gnu-tools-for-stm32.10.3-2021.10.linux64_1.0.0.202111181127/tools/bin/../lib/gcc/arm-none-eabi/10.3.1/../../../../arm-none-eabi/lib/thumb/v7-m/nofp/libc_nano.a(lib_a-exit.o) (_global_impure_ptr)
/opt/st/stm32cubeide_1.10.1/plugins/com.st.stm32cube.ide.mcu.externaltools.gnu-tools-for-stm32.10.3-2021.10.linux64_1.0.0.202111181127/tools/bin/../lib/gcc/arm-none-eabi/10.3.1/../../../../arm-none-eabi/lib/thumb/v7-m/nofp/libc_nano.a(lib_a-init.o)
                              /opt/st/stm32cubeide_1.10.1/plugins/com.st.stm32cube.ide.mcu.externaltools.gnu-tools-for-stm32.10.3-2021.10.linux64_1.0.0.202111181127/tools/bin/../lib/gcc/arm-none-eabi/10.3.1/../../../../arm-none-eabi/lib/thumb/v7-m/nofp/crt0.o (__libc_init_array)
/opt/st/stm32cubeide_1.10.1/plugins/com.st.stm32cube.ide.mcu.externaltools.gnu-tools-for-stm32.10.3-2021.10.linux64_1.0.0.202111181127/tools/bin/../lib/gcc/arm-none-eabi/10.3.1/../../../../arm-none-eabi/lib/thumb/v7-m/nofp/libc_nano.a(lib_a-memset.o)
                              /opt/st/stm32cubeide_1.10.1/plugins/com.st.stm32cube.ide.mcu.externaltools.gnu-tools-for-stm32.10.3-2021.10.linux64_1.0.0.202111181127/tools/bin/../lib/gcc/arm-none-eabi/10.3.1/../../../../arm-none-eabi/lib/thumb/v7-m/nofp/crt0.o (memset)
/opt/st/stm32cubeide_1.10.1/plugins/com.st.stm32cube.ide.mcu.externaltools.gnu-tools-for-stm32.10.3-2021.10.linux64_1.0.0.202111181127/tools/bin/../lib/gcc/arm-none-eabi/10.3.1/../../../../arm-none-eabi/lib/thumb/v7-m/nofp/libc_nano.a(lib_a-sprintf.o)
                              ./Core/Src/USART_COMM.o (sprintf)
/opt/st/stm32cubeide_1.10.1/plugins/com.st.stm32cube.ide.mcu.externaltools.gnu-tools-for-stm32.10.3-2021.10.linux64_1.0.0.202111181127/tools/bin/../lib/gcc/arm-none-eabi/10.3.1/../../../../arm-none-eabi/lib/thumb/v7-m/nofp/libc_nano.a(lib_a-strlen.o)
                              ./Core/Src/FlASH_PAGE.o (strlen)
/opt/st/stm32cubeide_1.10.1/plugins/com.st.stm32cube.ide.mcu.externaltools.gnu-tools-for-stm32.10.3-2021.10.linux64_1.0.0.202111181127/tools/bin/../lib/gcc/arm-none-eabi/10.3.1/../../../../arm-none-eabi/lib/thumb/v7-m/nofp/libc_nano.a(lib_a-nano-svfprintf.o)
                              /opt/st/stm32cubeide_1.10.1/plugins/com.st.stm32cube.ide.mcu.externaltools.gnu-tools-for-stm32.10.3-2021.10.linux64_1.0.0.202111181127/tools/bin/../lib/gcc/arm-none-eabi/10.3.1/../../../../arm-none-eabi/lib/thumb/v7-m/nofp/libc_nano.a(lib_a-sprintf.o) (_svfprintf_r)
/opt/st/stm32cubeide_1.10.1/plugins/com.st.stm32cube.ide.mcu.externaltools.gnu-tools-for-stm32.10.3-2021.10.linux64_1.0.0.202111181127/tools/bin/../lib/gcc/arm-none-eabi/10.3.1/../../../../arm-none-eabi/lib/thumb/v7-m/nofp/libc_nano.a(lib_a-nano-vfprintf_i.o)
                              /opt/st/stm32cubeide_1.10.1/plugins/com.st.stm32cube.ide.mcu.externaltools.gnu-tools-for-stm32.10.3-2021.10.linux64_1.0.0.202111181127/tools/bin/../lib/gcc/arm-none-eabi/10.3.1/../../../../arm-none-eabi/lib/thumb/v7-m/nofp/libc_nano.a(lib_a-nano-svfprintf.o) (_printf_i)
/opt/st/stm32cubeide_1.10.1/plugins/com.st.stm32cube.ide.mcu.externaltools.gnu-tools-for-stm32.10.3-2021.10.linux64_1.0.0.202111181127/tools/bin/../lib/gcc/arm-none-eabi/10.3.1/../../../../arm-none-eabi/lib/thumb/v7-m/nofp/libc_nano.a(lib_a-memchr-stub.o)
                              /opt/st/stm32cubeide_1.10.1/plugins/com.st.stm32cube.ide.mcu.externaltools.gnu-tools-for-stm32.10.3-2021.10.linux64_1.0.0.202111181127/tools/bin/../lib/gcc/arm-none-eabi/10.3.1/../../../../arm-none-eabi/lib/thumb/v7-m/nofp/libc_nano.a(lib_a-nano-svfprintf.o) (memchr)
[...]
Memory Configuration

Name             Origin             Length             Attributes
RAM              0x0000000020000000 0x0000000000005000 xrw
FLASH            0x0000000008000000 0x0000000000010000 xr
*default*        0x0000000000000000 0xffffffffffffffff

Linker script and memory map

LOAD /opt/st/stm32cubeide_1.10.1/plugins/com.st.stm32cube.ide.mcu.externaltools.gnu-tools-for-stm32.10.3-2021.10.linux64_1.0.0.202111181127/tools/bin/../lib/gcc/arm-none-eabi/10.3.1/thumb/v7-m/nofp/crti.o
LOAD /opt/st/stm32cubeide_1.10.1/plugins/com.st.stm32cube.ide.mcu.externaltools.gnu-tools-for-stm32.10.3-2021.10.linux64_1.0.0.202111181127/tools/bin/../lib/gcc/arm-none-eabi/10.3.1/thumb/v7-m/nofp/crtbegin.o
LOAD /opt/st/stm32cubeide_1.10.1/plugins/com.st.stm32cube.ide.mcu.externaltools.gnu-tools-for-stm32.10.3-2021.10.linux64_1.0.0.202111181127/tools/bin/../lib/gcc/arm-none-eabi/10.3.1/../../../../arm-none-eabi/lib/thumb/v7-m/nofp/crt0.o
LOAD ./Core/Src/APPLICATION.o
LOAD ./Core/Src/FlASH_PAGE.o
LOAD ./Core/Src/GENERAL_DEF.o
LOAD ./Core/Src/IGN_MGMT.o
LOAD ./Core/Src/IO_CONTROL.o
LOAD ./Core/Src/MATH_LIB.o
LOAD ./Core/Src/SCHEDULLER.o
LOAD ./Core/Src/TIMER_FUNC.o
LOAD ./Core/Src/USART_COMM.o
LOAD ./Core/Src/main.o
LOAD ./Core/Src/stm32f1xx_hal_msp.o
LOAD ./Core/Src/stm32f1xx_it.o
LOAD ./Core/Src/syscalls.o
LOAD ./Core/Src/sysmem.o
LOAD ./Core/Src/system_stm32f1xx.o
LOAD ./Core/Startup/startup_stm32f103c8tx.o
LOAD ./Drivers/STM32F1xx_HAL_Driver/Src/stm32f1xx_hal.o
LOAD ./Drivers/STM32F1xx_HAL_Driver/Src/stm32f1xx_hal_adc.o
LOAD ./Drivers/STM32F1xx_HAL_Driver/Src/stm32f1xx_hal_adc_ex.o
LOAD ./Drivers/STM32F1xx_HAL_Driver/Src/stm32f1xx_hal_cortex.o
LOAD ./Drivers/STM32F1xx_HAL_Driver/Src/stm32f1xx_hal_dma.o
LOAD ./Drivers/STM32F1xx_HAL_Driver/Src/stm32f1xx_hal_exti.o
LOAD ./Drivers/STM32F1xx_HAL_Driver/Src/stm32f1xx_hal_flash.o
LOAD ./Drivers/STM32F1xx_HAL_Driver/Src/stm32f1xx_hal_flash_ex.o
LOAD ./Drivers/STM32F1xx_HAL_Driver/Src/stm32f1xx_hal_gpio.o
LOAD ./Drivers/STM32F1xx_HAL_Driver/Src/stm32f1xx_hal_gpio_ex.o
LOAD ./Drivers/STM32F1xx_HAL_Driver/Src/stm32f1xx_hal_iwdg.o
LOAD ./Drivers/STM32F1xx_HAL_Driver/Src/stm32f1xx_hal_pwr.o
LOAD ./Drivers/STM32F1xx_HAL_Driver/Src/stm32f1xx_hal_rcc.o
LOAD ./Drivers/STM32F1xx_HAL_Driver/Src/stm32f1xx_hal_rcc_ex.o
LOAD ./Drivers/STM32F1xx_HAL_Driver/Src/stm32f1xx_hal_tim.o
LOAD ./Drivers/STM32F1xx_HAL_Driver/Src/stm32f1xx_hal_tim_ex.o
LOAD ./Drivers/STM32F1xx_HAL_Driver/Src/stm32f1xx_hal_uart.o
START GROUP
LOAD /opt/st/stm32cubeide_1.10.1/plugins/com.st.stm32cube.ide.mcu.externaltools.gnu-tools-for-stm32.10.3-2021.10.linux64_1.0.0.202111181127/tools/bin/../lib/gcc/arm-none-eabi/10.3.1/../../../../arm-none-eabi/lib/thumb/v7-m/nofp/libc_nano.a
LOAD /opt/st/stm32cubeide_1.10.1/plugins/com.st.stm32cube.ide.mcu.externaltools.gnu-tools-for-stm32.10.3-2021.10.linux64_1.0.0.202111181127/tools/bin/../lib/gcc/arm-none-eabi/10.3.1/../../../../arm-none-eabi/lib/thumb/v7-m/nofp/libm.a
END GROUP
START GROUP
LOAD /opt/st/stm32cubeide_1.10.1/plugins/com.st.stm32cube.ide.mcu.externaltools.gnu-tools-for-stm32.10.3-2021.10.linux64_1.0.0.202111181127/tools/bin/../lib/gcc/arm-none-eabi/10.3.1/thumb/v7-m/nofp/libgcc.a
LOAD /opt/st/stm32cubeide_1.10.1/plugins/com.st.stm32cube.ide.mcu.externaltools.gnu-tools-for-stm32.10.3-2021.10.linux64_1.0.0.202111181127/tools/bin/../lib/gcc/arm-none-eabi/10.3.1/../../../../arm-none-eabi/lib/thumb/v7-m/nofp/libc_nano.a
END GROUP
START GROUP
LOAD /opt/st/stm32cubeide_1.10.1/plugins/com.st.stm32cube.ide.mcu.externaltools.gnu-tools-for-stm32.10.3-2021.10.linux64_1.0.0.202111181127/tools/bin/../lib/gcc/arm-none-eabi/10.3.1/thumb/v7-m/nofp/libgcc.a
LOAD /opt/st/stm32cubeide_1.10.1/plugins/com.st.stm32cube.ide.mcu.externaltools.gnu-tools-for-stm32.10.3-2021.10.linux64_1.0.0.202111181127/tools/bin/../lib/gcc/arm-none-eabi/10.3.1/../../../../arm-none-eabi/lib/thumb/v7-m/nofp/libc_nano.a
LOAD /opt/st/stm32cubeide_1.10.1/plugins/com.st.stm32cube.ide.mcu.externaltools.gnu-tools-for-stm32.10.3-2021.10.linux64_1.0.0.202111181127/tools/bin/../lib/gcc/arm-none-eabi/10.3.1/../../../../arm-none-eabi/lib/thumb/v7-m/nofp/libnosys.a
END GROUP
START GROUP
LOAD /opt/st/stm32cubeide_1.10.1/plugins/com.st.stm32cube.ide.mcu.externaltools.gnu-tools-for-stm32.10.3-2021.10.linux64_1.0.0.202111181127/tools/bin/../lib/gcc/arm-none-eabi/10.3.1/thumb/v7-m/nofp/libgcc.a
LOAD /opt/st/stm32cubeide_1.10.1/plugins/com.st.stm32cube.ide.mcu.externaltools.gnu-tools-for-stm32.10.3-2021.10.linux64_1.0.0.202111181127/tools/bin/../lib/gcc/arm-none-eabi/10.3.1/../../../../arm-none-eabi/lib/thumb/v7-m/nofp/libc_nano.a
LOAD /opt/st/stm32cubeide_1.10.1/plugins/com.st.stm32cube.ide.mcu.externaltools.gnu-tools-for-stm32.10.3-2021.10.linux64_1.0.0.202111181127/tools/bin/../lib/gcc/arm-none-eabi/10.3.1/../../../../arm-none-eabi/lib/thumb/v7-m/nofp/libnosys.a
END GROUP
LOAD /opt/st/stm32cubeide_1.10.1/plugins/com.st.stm32cube.ide.mcu.externaltools.gnu-tools-for-stm32.10.3-2021.10.linux64_1.0.0.202111181127/tools/bin/../lib/gcc/arm-none-eabi/10.3.1/thumb/v7-m/nofp/crtend.o
LOAD /opt/st/stm32cubeide_1.10.1/plugins/com.st.stm32cube.ide.mcu.externaltools.gnu-tools-for-stm32.10.3-2021.10.linux64_1.0.0.202111181127/tools/bin/../lib/gcc/arm-none-eabi/10.3.1/thumb/v7-m/nofp/crtn.o
                0x0000000020005000                _estack = (ORIGIN (RAM) + LENGTH (RAM))
                0x0000000000000200                _Min_Heap_Size = 0x200
                0x0000000000000400                _Min_Stack_Size = 0x400

.isr_vector     0x0000000008000000      0x10c
                0x0000000008000000                . = ALIGN (0x4)
 *(.isr_vector)
 .isr_vector    0x0000000008000000      0x10c ./Core/Startup/startup_stm32f103c8tx.o
                0x0000000008000000                g_pfnVectors
                0x000000000800010c                . = ALIGN (0x4)

.text           0x000000000800010c     0x77a8
                0x000000000800010c                . = ALIGN (0x4)
 *(.text)
 .text          0x000000000800010c       0x40 /opt/st/stm32cubeide_1.10.1/plugins/com.st.stm32cube.ide.mcu.externaltools.gnu-tools-for-stm32.10.3-2021.10.linux64_1.0.0.202111181127/tools/bin/../lib/gcc/arm-none-eabi/10.3.1/thumb/v7-m/nofp/crtbegin.o
 *(.text*)
 .text.Task_Fast
                0x000000000800014c       0x14 ./Core/Src/APPLICATION.o
                0x000000000800014c                Task_Fast
 .text.Task_Medium
                0x0000000008000160       0x24 ./Core/Src/APPLICATION.o
                0x0000000008000160                Task_Medium
 .text.Task_Slow
                0x0000000008000184       0x34 ./Core/Src/APPLICATION.o
                0x0000000008000184                Task_Slow
 .text.Running_Scheduller
                0x00000000080001b8       0x40 ./Core/Src/APPLICATION.o
                0x00000000080001b8                Running_Scheduller
 .text.GetPage  0x00000000080001f8       0x54 ./Core/Src/FlASH_PAGE.o
 .text.Flash_Write_Data
                0x000000000800024c       0xbc ./Core/Src/FlASH_PAGE.o
                0x000000000800024c                Flash_Write_Data
 .text.Flash_Read_Data
                0x0000000008000308       0x3c ./Core/Src/FlASH_PAGE.o
                0x0000000008000308                Flash_Read_Data
 .text.Set_Diagnose
                0x0000000008000344       0x28 ./Core/Src/GENERAL_DEF.o
                0x0000000008000344                Set_Diagnose
 .text.Clear_Diagnose
                0x000000000800036c       0x30 ./Core/Src/GENERAL_DEF.o
                0x000000000800036c                Clear_Diagnose
 .text.Clear_All_Diagnoses
                0x000000000800039c       0x18 ./Core/Src/GENERAL_DEF.o
                0x000000000800039c                Clear_All_Diagnoses
 .text.reset_cause_get
                0x00000000080003b4       0xa0 ./Core/Src/IGN_MGMT.o
                0x00000000080003b4                reset_cause_get
 .text.Cut_Igntion
                0x0000000008000454       0x6c ./Core/Src/IGN_MGMT.o
                0x0000000008000454                Cut_Igntion
 .text.Ignition_nTime
                0x00000000080004c0       0x38 ./Core/Src/IGN_MGMT.o
                0x00000000080004c0                Ignition_nTime
 .text.Set_Pulse_Program
                0x00000000080004f8      0x1e4 ./Core/Src/IGN_MGMT.o
                0x00000000080004f8                Set_Pulse_Program
 .text.Engine_STOP_test
                0x00000000080006dc       0xcc ./Core/Src/IGN_MGMT.o
                0x00000000080006dc                Engine_STOP_test
 .text.Pulse_Generator_Scheduler
                0x00000000080007a8       0xb8 ./Core/Src/IGN_MGMT.o
                0x00000000080007a8                Pulse_Generator_Scheduler
 .text.TurnOffAllPulseInt
                0x0000000008000860       0x2c ./Core/Src/IGN_MGMT.o
                0x0000000008000860                TurnOffAllPulseInt
 .text.HAL_TIM_PeriodElapsedCallback
                0x000000000800088c       0x2c ./Core/Src/IGN_MGMT.o
                0x000000000800088c                HAL_TIM_PeriodElapsedCallback
 .text.Rising_Edge_Event
                0x00000000080008b8       0x70 ./Core/Src/IGN_MGMT.o
                0x00000000080008b8                Rising_Edge_Event
 .text.Falling_Edge_Event
                0x0000000008000928       0x58 ./Core/Src/IGN_MGMT.o
                0x0000000008000928                Falling_Edge_Event
 .text.HAL_TIM_IC_CaptureCallback
                0x0000000008000980       0x3c ./Core/Src/IGN_MGMT.o
                0x0000000008000980                HAL_TIM_IC_CaptureCallback
 .text.Treat_Int
                0x00000000080009bc       0x8c ./Core/Src/IGN_MGMT.o
                0x00000000080009bc                Treat_Int
 .text.HAL_TIM_OC_DelayElapsedCallback
                0x0000000008000a48       0x74 ./Core/Src/IGN_MGMT.o
                0x0000000008000a48                HAL_TIM_OC_DelayElapsedCallback
 .text.updateSystemData
                0x0000000008000abc       0x7c ./Core/Src/IGN_MGMT.o
                0x0000000008000abc                updateSystemData
 .text.resetCauseAnalysis
                0x0000000008000b38       0x18 ./Core/Src/IGN_MGMT.o
                0x0000000008000b38                resetCauseAnalysis
 .text.Hardware_Init
                0x0000000008000b50       0x2c ./Core/Src/IO_CONTROL.o
                0x0000000008000b50                Hardware_Init
 .text.ledTest  0x0000000008000b7c       0xb0 ./Core/Src/IO_CONTROL.o
                0x0000000008000b7c                ledTest
 .text.sparkTest
                0x0000000008000c2c       0xa4 ./Core/Src/IO_CONTROL.o
                0x0000000008000c2c                sparkTest
 .text.manageDignosticLED
                0x0000000008000cd0       0x24 ./Core/Src/IO_CONTROL.o
                0x0000000008000cd0                manageDignosticLED
 .text.blinkCommunicationLED
                0x0000000008000cf4       0x24 ./Core/Src/IO_CONTROL.o
                0x0000000008000cf4                blinkCommunicationLED
 .text.manageCommunicationLED
                0x0000000008000d18       0x70 ./Core/Src/IO_CONTROL.o
                0x0000000008000d18                manageCommunicationLED
 .text.Toggle_LED_Green
                0x0000000008000d88       0x18 ./Core/Src/IO_CONTROL.o
                0x0000000008000d88                Toggle_LED_Green
 .text.BlinkLEDEcuAlive
                0x0000000008000da0        0xc ./Core/Src/IO_CONTROL.o
                0x0000000008000da0                BlinkLEDEcuAlive
 .text.Set_Output_LED_Green
                0x0000000008000dac       0x38 ./Core/Src/IO_CONTROL.o
                0x0000000008000dac                Set_Output_LED_Green
 .text.Toggle_LED_Red
                0x0000000008000de4       0x18 ./Core/Src/IO_CONTROL.o
                0x0000000008000de4                Toggle_LED_Red
 .text.Set_Output_LED_Red
                0x0000000008000dfc       0x38 ./Core/Src/IO_CONTROL.o
                0x0000000008000dfc                Set_Output_LED_Red
 .text.Set_Output_LED_Blue
                0x0000000008000e34       0x38 ./Core/Src/IO_CONTROL.o
                0x0000000008000e34                Set_Output_LED_Blue
 .text.Set_Output_LED_Yellow
                0x0000000008000e6c       0x38 ./Core/Src/IO_CONTROL.o
                0x0000000008000e6c                Set_Output_LED_Yellow
 .text.Set_Ouput_Inversor
                0x0000000008000ea4       0x34 ./Core/Src/IO_CONTROL.o
                0x0000000008000ea4                Set_Ouput_Inversor
 .text.Set_Ouput_Trigger
                0x0000000008000ed8       0x34 ./Core/Src/IO_CONTROL.o
                0x0000000008000ed8                Set_Ouput_Trigger
 .text.Set_Ouput_InterruptionTest
                0x0000000008000f0c       0x14 ./Core/Src/IO_CONTROL.o
                0x0000000008000f0c                Set_Ouput_InterruptionTest
 .text.HighVoltage
                0x0000000008000f20       0x5c ./Core/Src/IO_CONTROL.o
                0x0000000008000f20                HighVoltage
 .text.BatteryVoltage
                0x0000000008000f7c       0x64 ./Core/Src/IO_CONTROL.o
                0x0000000008000f7c                BatteryVoltage
 .text.EngineTemp
                0x0000000008000fe0       0x58 ./Core/Src/IO_CONTROL.o
                0x0000000008000fe0                EngineTemp
 .text.BoardTemp
                0x0000000008001038       0x64 ./Core/Src/IO_CONTROL.o
                0x0000000008001038                BoardTemp
 .text.Read_Analog_Sensors
                0x000000000800109c       0x18 ./Core/Src/IO_CONTROL.o
                0x000000000800109c                Read_Analog_Sensors
 .text.Filter16bits
                0x00000000080010b4       0x48 ./Core/Src/MATH_LIB.o
                0x00000000080010b4                Filter16bits
 .text.binarySearch
                0x00000000080010fc       0x8e ./Core/Src/MATH_LIB.o
                0x00000000080010fc                binarySearch
 .text.linearInterpolation
                0x000000000800118a       0xe6 ./Core/Src/MATH_LIB.o
                0x000000000800118a                linearInterpolation
 .text.Statistics
                0x0000000008001270       0x74 ./Core/Src/MATH_LIB.o
                0x0000000008001270                Statistics
 .text.predictionCalc
                0x00000000080012e4       0xdc ./Core/Src/MATH_LIB.o
                0x00000000080012e4                predictionCalc
 .text.Periodic_task
                0x00000000080013c0       0x68 ./Core/Src/SCHEDULLER.o
                0x00000000080013c0                Periodic_task
 .text.initializeCalibOnRAM
                0x0000000008001428       0x40 ./Core/Src/USART_COMM.o
                0x0000000008001428                initializeCalibOnRAM
 .text.copyCalibUartToRam
                0x0000000008001468       0x40 ./Core/Src/USART_COMM.o
                0x0000000008001468                copyCalibUartToRam
 .text.saveCalibRamToFlash
                0x00000000080014a8       0x20 ./Core/Src/USART_COMM.o
                0x00000000080014a8                saveCalibRamToFlash
 .text.copyCalibFlashToRam
                0x00000000080014c8       0x1c ./Core/Src/USART_COMM.o
                0x00000000080014c8                copyCalibFlashToRam
 .text.initializeSysInfoRAM
                0x00000000080014e4       0x40 ./Core/Src/USART_COMM.o
                0x00000000080014e4                initializeSysInfoRAM
 .text.saveSystemData
                0x0000000008001524       0x1c ./Core/Src/USART_COMM.o
                0x0000000008001524                saveSystemData
 .text.copySystemInfoFlashToRam
                0x0000000008001540       0x18 ./Core/Src/USART_COMM.o
                0x0000000008001540                copySystemInfoFlashToRam
 .text.transmitCalibToUART
                0x0000000008001558       0xc0 ./Core/Src/USART_COMM.o
                0x0000000008001558                transmitCalibToUART
 .text.transmitsysInfoBlockToUART
                0x0000000008001618       0xc0 ./Core/Src/USART_COMM.o
                0x0000000008001618                transmitsysInfoBlockToUART
 .text.receiveData
                0x00000000080016d8      0x20c ./Core/Src/USART_COMM.o
                0x00000000080016d8                receiveData
 .text.memoryInitialization
                0x00000000080018e4       0x38 ./Core/Src/USART_COMM.o
                0x00000000080018e4                memoryInitialization
 .text.overwriteIntEdgeFromCalib
                0x000000000800191c       0x88 ./Core/Src/USART_COMM.o
                0x000000000800191c                overwriteIntEdgeFromCalib
 .text.transmitSystemInfo
                0x00000000080019a4       0xe4 ./Core/Src/USART_COMM.o
                0x00000000080019a4                transmitSystemInfo
 .text.HAL_UART_TxCpltCallback
                0x0000000008001a88       0x1c ./Core/Src/USART_COMM.o
                0x0000000008001a88                HAL_UART_TxCpltCallback
 .text.HAL_UART_RxCpltCallback
                0x0000000008001aa4       0x2c ./Core/Src/USART_COMM.o
                0x0000000008001aa4                HAL_UART_RxCpltCallback
 .text.HAL_UART_ErrorCallback
                0x0000000008001ad0       0x28 ./Core/Src/USART_COMM.o
                0x0000000008001ad0                HAL_UART_ErrorCallback
 .text.Variables_Init
                0x0000000008001af8       0x34 ./Core/Src/USART_COMM.o
                0x0000000008001af8                Variables_Init
 .text.main     0x0000000008001b2c       0xb4 ./Core/Src/main.o
                0x0000000008001b2c                main
 .text.SystemClock_Config
                0x0000000008001be0       0xbc ./Core/Src/main.o
                0x0000000008001be0                SystemClock_Config
 .text.MX_ADC1_Init
                0x0000000008001c9c       0xd4 ./Core/Src/main.o
 .text.MX_IWDG_Init
                0x0000000008001d70       0x34 ./Core/Src/main.o
 .text.MX_TIM2_Init
                0x0000000008001da4      0x100 ./Core/Src/main.o
 .text.MX_TIM4_Init
                0x0000000008001ea4      0x130 ./Core/Src/main.o
 .text.MX_USART1_UART_Init
                0x0000000008001fd4       0x54 ./Core/Src/main.o
 .text.MX_DMA_Init
                0x0000000008002028       0x5c ./Core/Src/main.o
 .text.MX_GPIO_Init
                0x0000000008002084      0x1f8 ./Core/Src/main.o
 .text.Error_Handler
                0x000000000800227c        0xc ./Core/Src/main.o
                0x000000000800227c                Error_Handler
 .text.HAL_MspInit
                0x0000000008002288       0x98 ./Core/Src/stm32f1xx_hal_msp.o
                0x0000000008002288                HAL_MspInit
 .text.HAL_ADC_MspInit
                0x0000000008002320       0xe0 ./Core/Src/stm32f1xx_hal_msp.o
                0x0000000008002320                HAL_ADC_MspInit
 .text.HAL_TIM_Base_MspInit
                0x0000000008002400       0xec ./Core/Src/stm32f1xx_hal_msp.o
                0x0000000008002400                HAL_TIM_Base_MspInit
 .text.HAL_UART_MspInit
                0x00000000080024ec      0x154 ./Core/Src/stm32f1xx_hal_msp.o
                0x00000000080024ec                HAL_UART_MspInit
 .text.NMI_Handler
                0x0000000008002640        0xc ./Core/Src/stm32f1xx_it.o
                0x0000000008002640                NMI_Handler
 .text.HardFault_Handler
                0x000000000800264c        0x6 ./Core/Src/stm32f1xx_it.o
                0x000000000800264c                HardFault_Handler
 .text.MemManage_Handler
                0x0000000008002652        0x6 ./Core/Src/stm32f1xx_it.o
                0x0000000008002652                MemManage_Handler
 .text.BusFault_Handler
                0x0000000008002658        0x6 ./Core/Src/stm32f1xx_it.o
                0x0000000008002658                BusFault_Handler
 .text.UsageFault_Handler
                0x000000000800265e        0x6 ./Core/Src/stm32f1xx_it.o
                0x000000000800265e                UsageFault_Handler
 .text.SVC_Handler
                0x0000000008002664        0xc ./Core/Src/stm32f1xx_it.o
                0x0000000008002664                SVC_Handler
 .text.DebugMon_Handler
                0x0000000008002670        0xc ./Core/Src/stm32f1xx_it.o
                0x0000000008002670                DebugMon_Handler
 .text.PendSV_Handler
                0x000000000800267c        0xc ./Core/Src/stm32f1xx_it.o
                0x000000000800267c                PendSV_Handler
 .text.SysTick_Handler
                0x0000000008002688        0xc ./Core/Src/stm32f1xx_it.o
                0x0000000008002688                SysTick_Handler
 .text.PVD_IRQHandler
                0x0000000008002694        0xc ./Core/Src/stm32f1xx_it.o
                0x0000000008002694                PVD_IRQHandler
 .text.FLASH_IRQHandler
                0x00000000080026a0        0xc ./Core/Src/stm32f1xx_it.o
                0x00000000080026a0                FLASH_IRQHandler
 .text.RCC_IRQHandler
                0x00000000080026ac        0xc ./Core/Src/stm32f1xx_it.o
                0x00000000080026ac                RCC_IRQHandler
 .text.DMA1_Channel1_IRQHandler
                0x00000000080026b8       0x14 ./Core/Src/stm32f1xx_it.o
                0x00000000080026b8                DMA1_Channel1_IRQHandler
 .text.DMA1_Channel4_IRQHandler
                0x00000000080026cc       0x14 ./Core/Src/stm32f1xx_it.o
                0x00000000080026cc                DMA1_Channel4_IRQHandler
 .text.DMA1_Channel5_IRQHandler
                0x00000000080026e0       0x14 ./Core/Src/stm32f1xx_it.o
                0x00000000080026e0                DMA1_Channel5_IRQHandler
 .text.ADC1_2_IRQHandler
                0x00000000080026f4       0x14 ./Core/Src/stm32f1xx_it.o
                0x00000000080026f4                ADC1_2_IRQHandler
 .text.EXTI9_5_IRQHandler
                0x0000000008002708       0x10 ./Core/Src/stm32f1xx_it.o
                0x0000000008002708                EXTI9_5_IRQHandler
 .text.TIM2_IRQHandler
                0x0000000008002718       0x14 ./Core/Src/stm32f1xx_it.o
                0x0000000008002718                TIM2_IRQHandler
 .text.TIM4_IRQHandler
                0x000000000800272c       0x14 ./Core/Src/stm32f1xx_it.o
                0x000000000800272c                TIM4_IRQHandler
 .text.USART1_IRQHandler
                0x0000000008002740       0x14 ./Core/Src/stm32f1xx_it.o
                0x0000000008002740                USART1_IRQHandler
 .text._sbrk    0x0000000008002754       0x6c ./Core/Src/sysmem.o
                0x0000000008002754                _sbrk
 .text.SystemInit
                0x00000000080027c0       0x68 ./Core/Src/system_stm32f1xx.o
                0x00000000080027c0                SystemInit
 .text.Reset_Handler
                0x0000000008002828       0x48 ./Core/Startup/startup_stm32f103c8tx.o
                0x0000000008002828                Reset_Handler
 .text.Default_Handler
                0x0000000008002870        0x2 ./Core/Startup/startup_stm32f103c8tx.o
                0x0000000008002870                RTC_Alarm_IRQHandler
                0x0000000008002870                EXTI2_IRQHandler
                0x0000000008002870                TIM1_CC_IRQHandler
                0x0000000008002870                EXTI3_IRQHandler
                0x0000000008002870                EXTI0_IRQHandler
                0x0000000008002870                I2C2_EV_IRQHandler
                0x0000000008002870                SPI1_IRQHandler
                0x0000000008002870                TAMPER_IRQHandler
                0x0000000008002870                USART3_IRQHandler
                0x0000000008002870                RTC_IRQHandler
                0x0000000008002870                DMA1_Channel7_IRQHandler
                0x0000000008002870                CAN1_RX1_IRQHandler
                0x0000000008002870                I2C1_EV_IRQHandler
                0x0000000008002870                DMA1_Channel6_IRQHandler
                0x0000000008002870                TIM3_IRQHandler
                0x0000000008002870                TIM1_TRG_COM_IRQHandler
                0x0000000008002870                Default_Handler
                0x0000000008002870                EXTI15_10_IRQHandler
                0x0000000008002870                SPI2_IRQHandler
                0x0000000008002870                EXTI4_IRQHandler
                0x0000000008002870                USB_LP_CAN1_RX0_IRQHandler
                0x0000000008002870                USB_HP_CAN1_TX_IRQHandler
                0x0000000008002870                DMA1_Channel3_IRQHandler
                0x0000000008002870                TIM1_UP_IRQHandler
                0x0000000008002870                WWDG_IRQHandler
                0x0000000008002870                TIM1_BRK_IRQHandler
                0x0000000008002870                EXTI1_IRQHandler
                0x0000000008002870                USART2_IRQHandler
                0x0000000008002870                I2C2_ER_IRQHandler
                0x0000000008002870                DMA1_Channel2_IRQHandler
                0x0000000008002870                CAN1_SCE_IRQHandler
                0x0000000008002870                I2C1_ER_IRQHandler
                0x0000000008002870                USBWakeUp_IRQHandler
 *fill*         0x0000000008002872        0x2 
 .text.HAL_Init
                0x0000000008002874       0x2c ./Drivers/STM32F1xx_HAL_Driver/Src/stm32f1xx_hal.o
                0x0000000008002874                HAL_Init
 .text.HAL_InitTick
                0x00000000080028a0       0x60 ./Drivers/STM32F1xx_HAL_Driver/Src/stm32f1xx_hal.o
                0x00000000080028a0                HAL_InitTick
 .text.HAL_IncTick
                0x0000000008002900       0x24 ./Drivers/STM32F1xx_HAL_Driver/Src/stm32f1xx_hal.o
                0x0000000008002900                HAL_IncTick
 .text.HAL_GetTick
                0x0000000008002924       0x14 ./Drivers/STM32F1xx_HAL_Driver/Src/stm32f1xx_hal.o
                0x0000000008002924                HAL_GetTick
 .text.HAL_ADC_Init
                0x0000000008002938      0x1b0 ./Drivers/STM32F1xx_HAL_Driver/Src/stm32f1xx_hal_adc.o
                0x0000000008002938                HAL_ADC_Init
 .text.HAL_ADC_Start_DMA
                0x0000000008002ae8      0x1bc ./Drivers/STM32F1xx_HAL_Driver/Src/stm32f1xx_hal_adc.o
                0x0000000008002ae8                HAL_ADC_Start_DMA
 .text.HAL_ADC_IRQHandler
                0x0000000008002ca4      0x186 ./Drivers/STM32F1xx_HAL_Driver/Src/stm32f1xx_hal_adc.o
                0x0000000008002ca4                HAL_ADC_IRQHandler
 .text.HAL_ADC_ConvCpltCallback
                0x0000000008002e2a       0x12 ./Drivers/STM32F1xx_HAL_Driver/Src/stm32f1xx_hal_adc.o
                0x0000000008002e2a                HAL_ADC_ConvCpltCallback
 .text.HAL_ADC_ConvHalfCpltCallback
                0x0000000008002e3c       0x12 ./Drivers/STM32F1xx_HAL_Driver/Src/stm32f1xx_hal_adc.o
                0x0000000008002e3c                HAL_ADC_ConvHalfCpltCallback
 .text.HAL_ADC_LevelOutOfWindowCallback
                0x0000000008002e4e       0x12 ./Drivers/STM32F1xx_HAL_Driver/Src/stm32f1xx_hal_adc.o
                0x0000000008002e4e                HAL_ADC_LevelOutOfWindowCallback
 .text.HAL_ADC_ErrorCallback
                0x0000000008002e60       0x12 ./Drivers/STM32F1xx_HAL_Driver/Src/stm32f1xx_hal_adc.o
                0x0000000008002e60                HAL_ADC_ErrorCallback
 *fill*         0x0000000008002e72        0x2 
 .text.HAL_ADC_ConfigChannel
                0x0000000008002e74      0x1f0 ./Drivers/STM32F1xx_HAL_Driver/Src/stm32f1xx_hal_adc.o
                0x0000000008002e74                HAL_ADC_ConfigChannel
 .text.ADC_Enable
                0x0000000008003064       0xb4 ./Drivers/STM32F1xx_HAL_Driver/Src/stm32f1xx_hal_adc.o
                0x0000000008003064                ADC_Enable
 .text.ADC_ConversionStop_Disable
                0x0000000008003118       0x82 ./Drivers/STM32F1xx_HAL_Driver/Src/stm32f1xx_hal_adc.o
                0x0000000008003118                ADC_ConversionStop_Disable
 .text.ADC_DMAConvCplt
                0x000000000800319a       0x7c ./Drivers/STM32F1xx_HAL_Driver/Src/stm32f1xx_hal_adc.o
                0x000000000800319a                ADC_DMAConvCplt
 .text.ADC_DMAHalfConvCplt
                0x0000000008003216       0x1c ./Drivers/STM32F1xx_HAL_Driver/Src/stm32f1xx_hal_adc.o
                0x0000000008003216                ADC_DMAHalfConvCplt
 .text.ADC_DMAError
                0x0000000008003232       0x34 ./Drivers/STM32F1xx_HAL_Driver/Src/stm32f1xx_hal_adc.o
                0x0000000008003232                ADC_DMAError
 .text.HAL_ADCEx_InjectedConvCpltCallback
                0x0000000008003266       0x12 ./Drivers/STM32F1xx_HAL_Driver/Src/stm32f1xx_hal_adc_ex.o
                0x0000000008003266                HAL_ADCEx_InjectedConvCpltCallback
 .text.__NVIC_SetPriorityGrouping
                0x0000000008003278       0x48 ./Drivers/STM32F1xx_HAL_Driver/Src/stm32f1xx_hal_cortex.o
 .text.__NVIC_GetPriorityGrouping
                0x00000000080032c0       0x1c ./Drivers/STM32F1xx_HAL_Driver/Src/stm32f1xx_hal_cortex.o
 .text.__NVIC_EnableIRQ
                0x00000000080032dc       0x38 ./Drivers/STM32F1xx_HAL_Driver/Src/stm32f1xx_hal_cortex.o
 .text.__NVIC_SetPriority
                0x0000000008003314       0x54 ./Drivers/STM32F1xx_HAL_Driver/Src/stm32f1xx_hal_cortex.o
 .text.NVIC_EncodePriority
                0x0000000008003368       0x64 ./Drivers/STM32F1xx_HAL_Driver/Src/stm32f1xx_hal_cortex.o
 .text.SysTick_Config
                0x00000000080033cc       0x44 ./Drivers/STM32F1xx_HAL_Driver/Src/stm32f1xx_hal_cortex.o
 .text.HAL_NVIC_SetPriorityGrouping
                0x0000000008003410       0x16 ./Drivers/STM32F1xx_HAL_Driver/Src/stm32f1xx_hal_cortex.o
                0x0000000008003410                HAL_NVIC_SetPriorityGrouping
 .text.HAL_NVIC_SetPriority
                0x0000000008003426       0x38 ./Drivers/STM32F1xx_HAL_Driver/Src/stm32f1xx_hal_cortex.o
                0x0000000008003426                HAL_NVIC_SetPriority
 .text.HAL_NVIC_EnableIRQ
                0x000000000800345e       0x1c ./Drivers/STM32F1xx_HAL_Driver/Src/stm32f1xx_hal_cortex.o
                0x000000000800345e                HAL_NVIC_EnableIRQ
 .text.HAL_SYSTICK_Config
                0x000000000800347a       0x18 ./Drivers/STM32F1xx_HAL_Driver/Src/stm32f1xx_hal_cortex.o
                0x000000000800347a                HAL_SYSTICK_Config
 *fill*         0x0000000008003492        0x2 
 .text.HAL_DMA_Init
                0x0000000008003494       0xb4 ./Drivers/STM32F1xx_HAL_Driver/Src/stm32f1xx_hal_dma.o
                0x0000000008003494                HAL_DMA_Init
 .text.HAL_DMA_Start_IT
                0x0000000008003548       0xbe ./Drivers/STM32F1xx_HAL_Driver/Src/stm32f1xx_hal_dma.o
                0x0000000008003548                HAL_DMA_Start_IT
 .text.HAL_DMA_Abort
                0x0000000008003606       0x74 ./Drivers/STM32F1xx_HAL_Driver/Src/stm32f1xx_hal_dma.o
                0x0000000008003606                HAL_DMA_Abort
 *fill*         0x000000000800367a        0x2 
 .text.HAL_DMA_Abort_IT
                0x000000000800367c       0xec ./Drivers/STM32F1xx_HAL_Driver/Src/stm32f1xx_hal_dma.o
                0x000000000800367c                HAL_DMA_Abort_IT
 .text.HAL_DMA_IRQHandler
                0x0000000008003768      0x20c ./Drivers/STM32F1xx_HAL_Driver/Src/stm32f1xx_hal_dma.o
                0x0000000008003768                HAL_DMA_IRQHandler
 .text.DMA_SetConfig
                0x0000000008003974       0x5a ./Drivers/STM32F1xx_HAL_Driver/Src/stm32f1xx_hal_dma.o
 *fill*         0x00000000080039ce        0x2 
 .text.HAL_FLASH_Program
                0x00000000080039d0       0xe0 ./Drivers/STM32F1xx_HAL_Driver/Src/stm32f1xx_hal_flash.o
                0x00000000080039d0                HAL_FLASH_Program
 .text.HAL_FLASH_IRQHandler
                0x0000000008003ab0      0x1c8 ./Drivers/STM32F1xx_HAL_Driver/Src/stm32f1xx_hal_flash.o
                0x0000000008003ab0                HAL_FLASH_IRQHandler
 .text.HAL_FLASH_EndOfOperationCallback
                0x0000000008003c78       0x12 ./Drivers/STM32F1xx_HAL_Driver/Src/stm32f1xx_hal_flash.o
                0x0000000008003c78                HAL_FLASH_EndOfOperationCallback
 .text.HAL_FLASH_OperationErrorCallback
                0x0000000008003c8a       0x12 ./Drivers/STM32F1xx_HAL_Driver/Src/stm32f1xx_hal_flash.o
                0x0000000008003c8a                HAL_FLASH_OperationErrorCallback
 .text.HAL_FLASH_Unlock
                0x0000000008003c9c       0x4c ./Drivers/STM32F1xx_HAL_Driver/Src/stm32f1xx_hal_flash.o
                0x0000000008003c9c                HAL_FLASH_Unlock
 .text.HAL_FLASH_Lock
                0x0000000008003ce8       0x20 ./Drivers/STM32F1xx_HAL_Driver/Src/stm32f1xx_hal_flash.o
                0x0000000008003ce8                HAL_FLASH_Lock
 .text.HAL_FLASH_GetError
                0x0000000008003d08       0x14 ./Drivers/STM32F1xx_HAL_Driver/Src/stm32f1xx_hal_flash.o
                0x0000000008003d08                HAL_FLASH_GetError
 .text.FLASH_Program_HalfWord
                0x0000000008003d1c       0x38 ./Drivers/STM32F1xx_HAL_Driver/Src/stm32f1xx_hal_flash.o
 .text.FLASH_WaitForLastOperation
                0x0000000008003d54       0x8c ./Drivers/STM32F1xx_HAL_Driver/Src/stm32f1xx_hal_flash.o
                0x0000000008003d54                FLASH_WaitForLastOperation
 .text.FLASH_SetErrorCode
                0x0000000008003de0       0xa0 ./Drivers/STM32F1xx_HAL_Driver/Src/stm32f1xx_hal_flash.o
 .text.HAL_FLASHEx_Erase
                0x0000000008003e80       0xd8 ./Drivers/STM32F1xx_HAL_Driver/Src/stm32f1xx_hal_flash_ex.o
                0x0000000008003e80                HAL_FLASHEx_Erase
 .text.FLASH_MassErase
                0x0000000008003f58       0x38 ./Drivers/STM32F1xx_HAL_Driver/Src/stm32f1xx_hal_flash_ex.o
 .text.FLASH_PageErase
                0x0000000008003f90       0x40 ./Drivers/STM32F1xx_HAL_Driver/Src/stm32f1xx_hal_flash_ex.o
                0x0000000008003f90                FLASH_PageErase
 .text.HAL_GPIO_Init
                0x0000000008003fd0      0x308 ./Drivers/STM32F1xx_HAL_Driver/Src/stm32f1xx_hal_gpio.o
                0x0000000008003fd0                HAL_GPIO_Init
 .text.HAL_GPIO_WritePin
                0x00000000080042d8       0x30 ./Drivers/STM32F1xx_HAL_Driver/Src/stm32f1xx_hal_gpio.o
                0x00000000080042d8                HAL_GPIO_WritePin
 .text.HAL_GPIO_TogglePin
                0x0000000008004308       0x32 ./Drivers/STM32F1xx_HAL_Driver/Src/stm32f1xx_hal_gpio.o
                0x0000000008004308                HAL_GPIO_TogglePin
 *fill*         0x000000000800433a        0x2 
 .text.HAL_GPIO_EXTI_IRQHandler
                0x000000000800433c       0x30 ./Drivers/STM32F1xx_HAL_Driver/Src/stm32f1xx_hal_gpio.o
                0x000000000800433c                HAL_GPIO_EXTI_IRQHandler
 .text.HAL_GPIO_EXTI_Callback
                0x000000000800436c       0x14 ./Drivers/STM32F1xx_HAL_Driver/Src/stm32f1xx_hal_gpio.o
                0x000000000800436c                HAL_GPIO_EXTI_Callback
 .text.HAL_IWDG_Init
                0x0000000008004380       0x84 ./Drivers/STM32F1xx_HAL_Driver/Src/stm32f1xx_hal_iwdg.o
                0x0000000008004380                HAL_IWDG_Init
 .text.HAL_PWR_PVD_IRQHandler
                0x0000000008004404       0x24 ./Drivers/STM32F1xx_HAL_Driver/Src/stm32f1xx_hal_pwr.o
                0x0000000008004404                HAL_PWR_PVD_IRQHandler
 .text.HAL_PWR_PVDCallback
                0x0000000008004428        0xc ./Drivers/STM32F1xx_HAL_Driver/Src/stm32f1xx_hal_pwr.o
                0x0000000008004428                HAL_PWR_PVDCallback
 .text.HAL_RCC_OscConfig
                0x0000000008004434      0x504 ./Drivers/STM32F1xx_HAL_Driver/Src/stm32f1xx_hal_rcc.o
                0x0000000008004434                HAL_RCC_OscConfig
 .text.HAL_RCC_ClockConfig
                0x0000000008004938      0x1d4 ./Drivers/STM32F1xx_HAL_Driver/Src/stm32f1xx_hal_rcc.o
                0x0000000008004938                HAL_RCC_ClockConfig
 .text.HAL_RCC_GetSysClockFreq
                0x0000000008004b0c       0xbc ./Drivers/STM32F1xx_HAL_Driver/Src/stm32f1xx_hal_rcc.o
                0x0000000008004b0c                HAL_RCC_GetSysClockFreq
 .text.HAL_RCC_GetHCLKFreq
                0x0000000008004bc8       0x14 ./Drivers/STM32F1xx_HAL_Driver/Src/stm32f1xx_hal_rcc.o
                0x0000000008004bc8                HAL_RCC_GetHCLKFreq
 .text.HAL_RCC_GetPCLK1Freq
                0x0000000008004bdc       0x28 ./Drivers/STM32F1xx_HAL_Driver/Src/stm32f1xx_hal_rcc.o
                0x0000000008004bdc                HAL_RCC_GetPCLK1Freq
 .text.HAL_RCC_GetPCLK2Freq
                0x0000000008004c04       0x28 ./Drivers/STM32F1xx_HAL_Driver/Src/stm32f1xx_hal_rcc.o
                0x0000000008004c04                HAL_RCC_GetPCLK2Freq
 .text.RCC_Delay
                0x0000000008004c2c       0x3c ./Drivers/STM32F1xx_HAL_Driver/Src/stm32f1xx_hal_rcc.o
 .text.HAL_RCCEx_PeriphCLKConfig
                0x0000000008004c68      0x16c ./Drivers/STM32F1xx_HAL_Driver/Src/stm32f1xx_hal_rcc_ex.o
                0x0000000008004c68                HAL_RCCEx_PeriphCLKConfig
 .text.HAL_TIM_Base_Init
                0x0000000008004dd4       0x9e ./Drivers/STM32F1xx_HAL_Driver/Src/stm32f1xx_hal_tim.o
                0x0000000008004dd4                HAL_TIM_Base_Init
 .text.HAL_TIM_OC_Init
                0x0000000008004e72       0x9e ./Drivers/STM32F1xx_HAL_Driver/Src/stm32f1xx_hal_tim.o
                0x0000000008004e72                HAL_TIM_OC_Init
 .text.HAL_TIM_OC_MspInit
                0x0000000008004f10       0x12 ./Drivers/STM32F1xx_HAL_Driver/Src/stm32f1xx_hal_tim.o
                0x0000000008004f10                HAL_TIM_OC_MspInit
 *fill*         0x0000000008004f22        0x2 
 .text.HAL_TIM_OC_Start_IT
                0x0000000008004f24      0x1d0 ./Drivers/STM32F1xx_HAL_Driver/Src/stm32f1xx_hal_tim.o
                0x0000000008004f24                HAL_TIM_OC_Start_IT
 .text.HAL_TIM_OC_Stop_IT
                0x00000000080050f4      0x154 ./Drivers/STM32F1xx_HAL_Driver/Src/stm32f1xx_hal_tim.o
                0x00000000080050f4                HAL_TIM_OC_Stop_IT
 .text.HAL_TIM_IC_Init
                0x0000000008005248       0x9e ./Drivers/STM32F1xx_HAL_Driver/Src/stm32f1xx_hal_tim.o
                0x0000000008005248                HAL_TIM_IC_Init
 .text.HAL_TIM_IC_MspInit
                0x00000000080052e6       0x12 ./Drivers/STM32F1xx_HAL_Driver/Src/stm32f1xx_hal_tim.o
                0x00000000080052e6                HAL_TIM_IC_MspInit
 .text.HAL_TIM_IC_Start_IT
                0x00000000080052f8      0x20c ./Drivers/STM32F1xx_HAL_Driver/Src/stm32f1xx_hal_tim.o
                0x00000000080052f8                HAL_TIM_IC_Start_IT
 .text.HAL_TIM_IRQHandler
                0x0000000008005504      0x210 ./Drivers/STM32F1xx_HAL_Driver/Src/stm32f1xx_hal_tim.o
                0x0000000008005504                HAL_TIM_IRQHandler
 .text.HAL_TIM_OC_ConfigChannel
                0x0000000008005714       0xb0 ./Drivers/STM32F1xx_HAL_Driver/Src/stm32f1xx_hal_tim.o
                0x0000000008005714                HAL_TIM_OC_ConfigChannel
 .text.HAL_TIM_IC_ConfigChannel
                0x00000000080057c4      0x128 ./Drivers/STM32F1xx_HAL_Driver/Src/stm32f1xx_hal_tim.o
                0x00000000080057c4                HAL_TIM_IC_ConfigChannel
 .text.HAL_TIM_ConfigClockSource
                0x00000000080058ec      0x188 ./Drivers/STM32F1xx_HAL_Driver/Src/stm32f1xx_hal_tim.o
                0x00000000080058ec                HAL_TIM_ConfigClockSource
 .text.HAL_TIM_ReadCapturedValue
                0x0000000008005a74       0x88 ./Drivers/STM32F1xx_HAL_Driver/Src/stm32f1xx_hal_tim.o
                0x0000000008005a74                HAL_TIM_ReadCapturedValue
 .text.HAL_TIM_PWM_PulseFinishedCallback
                0x0000000008005afc       0x12 ./Drivers/STM32F1xx_HAL_Driver/Src/stm32f1xx_hal_tim.o
                0x0000000008005afc                HAL_TIM_PWM_PulseFinishedCallback
 .text.HAL_TIM_TriggerCallback
                0x0000000008005b0e       0x12 ./Drivers/STM32F1xx_HAL_Driver/Src/stm32f1xx_hal_tim.o
                0x0000000008005b0e                HAL_TIM_TriggerCallback
 .text.TIM_Base_SetConfig
                0x0000000008005b20       0xc4 ./Drivers/STM32F1xx_HAL_Driver/Src/stm32f1xx_hal_tim.o
                0x0000000008005b20                TIM_Base_SetConfig
 .text.TIM_OC1_SetConfig
                0x0000000008005be4       0xcc ./Drivers/STM32F1xx_HAL_Driver/Src/stm32f1xx_hal_tim.o
 .text.TIM_OC2_SetConfig
                0x0000000008005cb0       0xd4 ./Drivers/STM32F1xx_HAL_Driver/Src/stm32f1xx_hal_tim.o
                0x0000000008005cb0                TIM_OC2_SetConfig
 .text.TIM_OC3_SetConfig
                0x0000000008005d84       0xd4 ./Drivers/STM32F1xx_HAL_Driver/Src/stm32f1xx_hal_tim.o
 .text.TIM_OC4_SetConfig
                0x0000000008005e58       0x9c ./Drivers/STM32F1xx_HAL_Driver/Src/stm32f1xx_hal_tim.o
 .text.TIM_TI1_SetConfig
                0x0000000008005ef4       0xb4 ./Drivers/STM32F1xx_HAL_Driver/Src/stm32f1xx_hal_tim.o
                0x0000000008005ef4                TIM_TI1_SetConfig
 .text.TIM_TI1_ConfigInputStage
                0x0000000008005fa8       0x5c ./Drivers/STM32F1xx_HAL_Driver/Src/stm32f1xx_hal_tim.o
 .text.TIM_TI2_SetConfig
                0x0000000008006004       0x78 ./Drivers/STM32F1xx_HAL_Driver/Src/stm32f1xx_hal_tim.o
 .text.TIM_TI2_ConfigInputStage
                0x000000000800607c       0x5e ./Drivers/STM32F1xx_HAL_Driver/Src/stm32f1xx_hal_tim.o
 .text.TIM_TI3_SetConfig
                0x00000000080060da       0x76 ./Drivers/STM32F1xx_HAL_Driver/Src/stm32f1xx_hal_tim.o
 .text.TIM_TI4_SetConfig
                0x0000000008006150       0x78 ./Drivers/STM32F1xx_HAL_Driver/Src/stm32f1xx_hal_tim.o
 .text.TIM_ITRx_SetConfig
                0x00000000080061c8       0x34 ./Drivers/STM32F1xx_HAL_Driver/Src/stm32f1xx_hal_tim.o
 .text.TIM_ETR_SetConfig
                0x00000000080061fc       0x3e ./Drivers/STM32F1xx_HAL_Driver/Src/stm32f1xx_hal_tim.o
                0x00000000080061fc                TIM_ETR_SetConfig
 .text.TIM_CCxChannelCmd
                0x000000000800623a       0x48 ./Drivers/STM32F1xx_HAL_Driver/Src/stm32f1xx_hal_tim.o
                0x000000000800623a                TIM_CCxChannelCmd
 *fill*         0x0000000008006282        0x2 
 .text.HAL_TIMEx_MasterConfigSynchronization
                0x0000000008006284       0xbc ./Drivers/STM32F1xx_HAL_Driver/Src/stm32f1xx_hal_tim_ex.o
                0x0000000008006284                HAL_TIMEx_MasterConfigSynchronization
 .text.HAL_TIMEx_CommutCallback
                0x0000000008006340       0x12 ./Drivers/STM32F1xx_HAL_Driver/Src/stm32f1xx_hal_tim_ex.o
                0x0000000008006340                HAL_TIMEx_CommutCallback
 .text.HAL_TIMEx_BreakCallback
                0x0000000008006352       0x12 ./Drivers/STM32F1xx_HAL_Driver/Src/stm32f1xx_hal_tim_ex.o
                0x0000000008006352                HAL_TIMEx_BreakCallback
 .text.HAL_UART_Init
                0x0000000008006364       0x9a ./Drivers/STM32F1xx_HAL_Driver/Src/stm32f1xx_hal_uart.o
                0x0000000008006364                HAL_UART_Init
 *fill*         0x00000000080063fe        0x2 
 .text.HAL_UART_Transmit_DMA
                0x0000000008006400       0xd8 ./Drivers/STM32F1xx_HAL_Driver/Src/stm32f1xx_hal_uart.o
                0x0000000008006400                HAL_UART_Transmit_DMA
 .text.HAL_UART_Receive_DMA
                0x00000000080064d8       0x60 ./Drivers/STM32F1xx_HAL_Driver/Src/stm32f1xx_hal_uart.o
                0x00000000080064d8                HAL_UART_Receive_DMA
 .text.HAL_UART_IRQHandler
                0x0000000008006538      0x354 ./Drivers/STM32F1xx_HAL_Driver/Src/stm32f1xx_hal_uart.o
                0x0000000008006538                HAL_UART_IRQHandler
 .text.HAL_UART_TxHalfCpltCallback
                0x000000000800688c       0x12 ./Drivers/STM32F1xx_HAL_Driver/Src/stm32f1xx_hal_uart.o
                0x000000000800688c                HAL_UART_TxHalfCpltCallback
 .text.HAL_UART_RxHalfCpltCallback
                0x000000000800689e       0x12 ./Drivers/STM32F1xx_HAL_Driver/Src/stm32f1xx_hal_uart.o
                0x000000000800689e                HAL_UART_RxHalfCpltCallback
 .text.HAL_UARTEx_RxEventCallback
                0x00000000080068b0       0x16 ./Drivers/STM32F1xx_HAL_Driver/Src/stm32f1xx_hal_uart.o
                0x00000000080068b0                HAL_UARTEx_RxEventCallback
 .text.UART_DMATransmitCplt
                0x00000000080068c6       0x52 ./Drivers/STM32F1xx_HAL_Driver/Src/stm32f1xx_hal_uart.o
 .text.UART_DMATxHalfCplt
                0x0000000008006918       0x1c ./Drivers/STM32F1xx_HAL_Driver/Src/stm32f1xx_hal_uart.o
 .text.UART_DMAReceiveCplt
                0x0000000008006934       0x96 ./Drivers/STM32F1xx_HAL_Driver/Src/stm32f1xx_hal_uart.o
 .text.UART_DMARxHalfCplt
                0x00000000080069ca       0x36 ./Drivers/STM32F1xx_HAL_Driver/Src/stm32f1xx_hal_uart.o
 .text.UART_DMAError
                0x0000000008006a00       0x94 ./Drivers/STM32F1xx_HAL_Driver/Src/stm32f1xx_hal_uart.o
 .text.UART_Start_Receive_DMA
                0x0000000008006a94       0xc8 ./Drivers/STM32F1xx_HAL_Driver/Src/stm32f1xx_hal_uart.o
                0x0000000008006a94                UART_Start_Receive_DMA
 .text.UART_EndTxTransfer
                0x0000000008006b5c       0x2a ./Drivers/STM32F1xx_HAL_Driver/Src/stm32f1xx_hal_uart.o
 .text.UART_EndRxTransfer
                0x0000000008006b86       0x58 ./Drivers/STM32F1xx_HAL_Driver/Src/stm32f1xx_hal_uart.o
 .text.UART_DMAAbortOnError
                0x0000000008006bde       0x28 ./Drivers/STM32F1xx_HAL_Driver/Src/stm32f1xx_hal_uart.o
 .text.UART_Transmit_IT
                0x0000000008006c06       0x9e ./Drivers/STM32F1xx_HAL_Driver/Src/stm32f1xx_hal_uart.o
 .text.UART_EndTransmit_IT
                0x0000000008006ca4       0x30 ./Drivers/STM32F1xx_HAL_Driver/Src/stm32f1xx_hal_uart.o
 .text.UART_Receive_IT
                0x0000000008006cd4      0x152 ./Drivers/STM32F1xx_HAL_Driver/Src/stm32f1xx_hal_uart.o
 *fill*         0x0000000008006e26        0x2 
 .text.UART_SetConfig
                0x0000000008006e28      0x11c ./Drivers/STM32F1xx_HAL_Driver/Src/stm32f1xx_hal_uart.o
 .text.__errno  0x0000000008006f44        0xc /opt/st/stm32cubeide_1.10.1/plugins/com.st.stm32cube.ide.mcu.externaltools.gnu-tools-for-stm32.10.3-2021.10.linux64_1.0.0.202111181127/tools/bin/../lib/gcc/arm-none-eabi/10.3.1/../../../../arm-none-eabi/lib/thumb/v7-m/nofp/libc_nano.a(lib_a-errno.o)
                0x0000000008006f44                __errno
 .text.__libc_init_array
                0x0000000008006f50       0x48 /opt/st/stm32cubeide_1.10.1/plugins/com.st.stm32cube.ide.mcu.externaltools.gnu-tools-for-stm32.10.3-2021.10.linux64_1.0.0.202111181127/tools/bin/../lib/gcc/arm-none-eabi/10.3.1/../../../../arm-none-eabi/lib/thumb/v7-m/nofp/libc_nano.a(lib_a-init.o)
                0x0000000008006f50                __libc_init_array
 .text.memset   0x0000000008006f98       0x10 /opt/st/stm32cubeide_1.10.1/plugins/com.st.stm32cube.ide.mcu.externaltools.gnu-tools-for-stm32.10.3-2021.10.linux64_1.0.0.202111181127/tools/bin/../lib/gcc/arm-none-eabi/10.3.1/../../../../arm-none-eabi/lib/thumb/v7-m/nofp/libc_nano.a(lib_a-memset.o)
                0x0000000008006f98                memset
 .text.sprintf  0x0000000008006fa8       0x40 /opt/st/stm32cubeide_1.10.1/plugins/com.st.stm32cube.ide.mcu.externaltools.gnu-tools-for-stm32.10.3-2021.10.linux64_1.0.0.202111181127/tools/bin/../lib/gcc/arm-none-eabi/10.3.1/../../../../arm-none-eabi/lib/thumb/v7-m/nofp/libc_nano.a(lib_a-sprintf.o)
                0x0000000008006fa8                sprintf
                0x0000000008006fa8                siprintf
 .text.__ssputs_r
                0x0000000008006fe8       0xb6 /opt/st/stm32cubeide_1.10.1/plugins/com.st.stm32cube.ide.mcu.externaltools.gnu-tools-for-stm32.10.3-2021.10.linux64_1.0.0.202111181127/tools/bin/../lib/gcc/arm-none-eabi/10.3.1/../../../../arm-none-eabi/lib/thumb/v7-m/nofp/libc_nano.a(lib_a-nano-svfprintf.o)
                0x0000000008006fe8                __ssputs_r
 *fill*         0x000000000800709e        0x2 
 .text._svfprintf_r
                0x00000000080070a0      0x200 /opt/st/stm32cubeide_1.10.1/plugins/com.st.stm32cube.ide.mcu.externaltools.gnu-tools-for-stm32.10.3-2021.10.linux64_1.0.0.202111181127/tools/bin/../lib/gcc/arm-none-eabi/10.3.1/../../../../arm-none-eabi/lib/thumb/v7-m/nofp/libc_nano.a(lib_a-nano-svfprintf.o)
                0x00000000080070a0                _svfprintf_r
                0x00000000080070a0                _svfiprintf_r
 .text._printf_common
                0x00000000080072a0       0xde /opt/st/stm32cubeide_1.10.1/plugins/com.st.stm32cube.ide.mcu.externaltools.gnu-tools-for-stm32.10.3-2021.10.linux64_1.0.0.202111181127/tools/bin/../lib/gcc/arm-none-eabi/10.3.1/../../../../arm-none-eabi/lib/thumb/v7-m/nofp/libc_nano.a(lib_a-nano-vfprintf_i.o)
                0x00000000080072a0                _printf_common
 *fill*         0x000000000800737e        0x2 
 .text._printf_i
                0x0000000008007380      0x24c /opt/st/stm32cubeide_1.10.1/plugins/com.st.stm32cube.ide.mcu.externaltools.gnu-tools-for-stm32.10.3-2021.10.linux64_1.0.0.202111181127/tools/bin/../lib/gcc/arm-none-eabi/10.3.1/../../../../arm-none-eabi/lib/thumb/v7-m/nofp/libc_nano.a(lib_a-nano-vfprintf_i.o)
                0x0000000008007380                _printf_i
 .text.memchr   0x00000000080075cc       0x1c /opt/st/stm32cubeide_1.10.1/plugins/com.st.stm32cube.ide.mcu.externaltools.gnu-tools-for-stm32.10.3-2021.10.linux64_1.0.0.202111181127/tools/bin/../lib/gcc/arm-none-eabi/10.3.1/../../../../arm-none-eabi/lib/thumb/v7-m/nofp/libc_nano.a(lib_a-memchr-stub.o)
                0x00000000080075cc                memchr
 .text.memcpy   0x00000000080075e8       0x1c /opt/st/stm32cubeide_1.10.1/plugins/com.st.stm32cube.ide.mcu.externaltools.gnu-tools-for-stm32.10.3-2021.10.linux64_1.0.0.202111181127/tools/bin/../lib/gcc/arm-none-eabi/10.3.1/../../../../arm-none-eabi/lib/thumb/v7-m/nofp/libc_nano.a(lib_a-memcpy-stub.o)
                0x00000000080075e8                memcpy
 .text.memmove  0x0000000008007604       0x34 /opt/st/stm32cubeide_1.10.1/plugins/com.st.stm32cube.ide.mcu.externaltools.gnu-tools-for-stm32.10.3-2021.10.linux64_1.0.0.202111181127/tools/bin/../lib/gcc/arm-none-eabi/10.3.1/../../../../arm-none-eabi/lib/thumb/v7-m/nofp/libc_nano.a(lib_a-memmove.o)
                0x0000000008007604                memmove
 .text._free_r  0x0000000008007638       0x90 /opt/st/stm32cubeide_1.10.1/plugins/com.st.stm32cube.ide.mcu.externaltools.gnu-tools-for-stm32.10.3-2021.10.linux64_1.0.0.202111181127/tools/bin/../lib/gcc/arm-none-eabi/10.3.1/../../../../arm-none-eabi/lib/thumb/v7-m/nofp/libc_nano.a(lib_a-nano-freer.o)
                0x0000000008007638                _free_r
 .text.sbrk_aligned
                0x00000000080076c8       0x40 /opt/st/stm32cubeide_1.10.1/plugins/com.st.stm32cube.ide.mcu.externaltools.gnu-tools-for-stm32.10.3-2021.10.linux64_1.0.0.202111181127/tools/bin/../lib/gcc/arm-none-eabi/10.3.1/../../../../arm-none-eabi/lib/thumb/v7-m/nofp/libc_nano.a(lib_a-nano-mallocr.o)
 .text._malloc_r
                0x0000000008007708       0xe8 /opt/st/stm32cubeide_1.10.1/plugins/com.st.stm32cube.ide.mcu.externaltools.gnu-tools-for-stm32.10.3-2021.10.linux64_1.0.0.202111181127/tools/bin/../lib/gcc/arm-none-eabi/10.3.1/../../../../arm-none-eabi/lib/thumb/v7-m/nofp/libc_nano.a(lib_a-nano-mallocr.o)
                0x0000000008007708                _malloc_r
 .text._realloc_r
                0x00000000080077f0       0x5e /opt/st/stm32cubeide_1.10.1/plugins/com.st.stm32cube.ide.mcu.externaltools.gnu-tools-for-stm32.10.3-2021.10.linux64_1.0.0.202111181127/tools/bin/../lib/gcc/arm-none-eabi/10.3.1/../../../../arm-none-eabi/lib/thumb/v7-m/nofp/libc_nano.a(lib_a-nano-reallocr.o)
                0x00000000080077f0                _realloc_r
 *fill*         0x000000000800784e        0x2 
 .text._sbrk_r  0x0000000008007850       0x20 /opt/st/stm32cubeide_1.10.1/plugins/com.st.stm32cube.ide.mcu.externaltools.gnu-tools-for-stm32.10.3-2021.10.linux64_1.0.0.202111181127/tools/bin/../lib/gcc/arm-none-eabi/10.3.1/../../../../arm-none-eabi/lib/thumb/v7-m/nofp/libc_nano.a(lib_a-sbrkr.o)
                0x0000000008007850                _sbrk_r
 .text.__malloc_lock
                0x0000000008007870        0xc /opt/st/stm32cubeide_1.10.1/plugins/com.st.stm32cube.ide.mcu.externaltools.gnu-tools-for-stm32.10.3-2021.10.linux64_1.0.0.202111181127/tools/bin/../lib/gcc/arm-none-eabi/10.3.1/../../../../arm-none-eabi/lib/thumb/v7-m/nofp/libc_nano.a(lib_a-mlock.o)
                0x0000000008007870                __malloc_lock
 .text.__malloc_unlock
                0x000000000800787c        0xc /opt/st/stm32cubeide_1.10.1/plugins/com.st.stm32cube.ide.mcu.externaltools.gnu-tools-for-stm32.10.3-2021.10.linux64_1.0.0.202111181127/tools/bin/../lib/gcc/arm-none-eabi/10.3.1/../../../../arm-none-eabi/lib/thumb/v7-m/nofp/libc_nano.a(lib_a-mlock.o)
                0x000000000800787c                __malloc_unlock
 .text._malloc_usable_size_r
                0x0000000008007888       0x10 /opt/st/stm32cubeide_1.10.1/plugins/com.st.stm32cube.ide.mcu.externaltools.gnu-tools-for-stm32.10.3-2021.10.linux64_1.0.0.202111181127/tools/bin/../lib/gcc/arm-none-eabi/10.3.1/../../../../arm-none-eabi/lib/thumb/v7-m/nofp/libc_nano.a(lib_a-nano-msizer.o)
                0x0000000008007888                _malloc_usable_size_r
 .text.__retarget_lock_acquire_recursive
                0x0000000008007898        0x2 /opt/st/stm32cubeide_1.10.1/plugins/com.st.stm32cube.ide.mcu.externaltools.gnu-tools-for-stm32.10.3-2021.10.linux64_1.0.0.202111181127/tools/bin/../lib/gcc/arm-none-eabi/10.3.1/../../../../arm-none-eabi/lib/thumb/v7-m/nofp/libc_nano.a(lib_a-lock.o)
                0x0000000008007898                __retarget_lock_acquire_recursive
 .text.__retarget_lock_release_recursive
                0x000000000800789a        0x2 /opt/st/stm32cubeide_1.10.1/plugins/com.st.stm32cube.ide.mcu.externaltools.gnu-tools-for-stm32.10.3-2021.10.linux64_1.0.0.202111181127/tools/bin/../lib/gcc/arm-none-eabi/10.3.1/../../../../arm-none-eabi/lib/thumb/v7-m/nofp/libc_nano.a(lib_a-lock.o)
                0x000000000800789a                __retarget_lock_release_recursive
 *(.glue_7)
 .glue_7        0x000000000800789c        0x0 linker stubs
 *(.glue_7t)
 .glue_7t       0x000000000800789c        0x0 linker stubs
 *(.eh_frame)
 .eh_frame      0x000000000800789c        0x0 /opt/st/stm32cubeide_1.10.1/plugins/com.st.stm32cube.ide.mcu.externaltools.gnu-tools-for-stm32.10.3-2021.10.linux64_1.0.0.202111181127/tools/bin/../lib/gcc/arm-none-eabi/10.3.1/thumb/v7-m/nofp/crtbegin.o
 *(.init)
 .init          0x000000000800789c        0x4 /opt/st/stm32cubeide_1.10.1/plugins/com.st.stm32cube.ide.mcu.externaltools.gnu-tools-for-stm32.10.3-2021.10.linux64_1.0.0.202111181127/tools/bin/../lib/gcc/arm-none-eabi/10.3.1/thumb/v7-m/nofp/crti.o
                0x000000000800789c                _init
 .init          0x00000000080078a0        0x8 /opt/st/stm32cubeide_1.10.1/plugins/com.st.stm32cube.ide.mcu.externaltools.gnu-tools-for-stm32.10.3-2021.10.linux64_1.0.0.202111181127/tools/bin/../lib/gcc/arm-none-eabi/10.3.1/thumb/v7-m/nofp/crtn.o
 *(.fini)
 .fini          0x00000000080078a8        0x4 /opt/st/stm32cubeide_1.10.1/plugins/com.st.stm32cube.ide.mcu.externaltools.gnu-tools-for-stm32.10.3-2021.10.linux64_1.0.0.202111181127/tools/bin/../lib/gcc/arm-none-eabi/10.3.1/thumb/v7-m/nofp/crti.o
                0x00000000080078a8                _fini
 .fini          0x00000000080078ac        0x8 /opt/st/stm32cubeide_1.10.1/plugins/com.st.stm32cube.ide.mcu.externaltools.gnu-tools-for-stm32.10.3-2021.10.linux64_1.0.0.202111181127/tools/bin/../lib/gcc/arm-none-eabi/10.3.1/thumb/v7-m/nofp/crtn.o
                0x00000000080078b4                . = ALIGN (0x4)
                0x00000000080078b4                _etext = .

.vfp11_veneer   0x00000000080078b4        0x0
 .vfp11_veneer  0x00000000080078b4        0x0 linker stubs

.v4_bx          0x00000000080078b4        0x0
 .v4_bx         0x00000000080078b4        0x0 linker stubs

.iplt           0x00000000080078b4        0x0
 .iplt          0x00000000080078b4        0x0 /opt/st/stm32cubeide_1.10.1/plugins/com.st.stm32cube.ide.mcu.externaltools.gnu-tools-for-stm32.10.3-2021.10.linux64_1.0.0.202111181127/tools/bin/../lib/gcc/arm-none-eabi/10.3.1/thumb/v7-m/nofp/crtbegin.o

.rodata         0x00000000080078b4       0xd4
                0x00000000080078b4                . = ALIGN (0x4)
 *(.rodata)
 .rodata        0x00000000080078b4       0x42 ./Core/Src/USART_COMM.o
 *fill*         0x00000000080078f6        0x2 
 .rodata        0x00000000080078f8       0x10 ./Drivers/STM32F1xx_HAL_Driver/Src/stm32f1xx_hal_rcc.o
 *(.rodata*)
 .rodata.Initial_SystemInfo
                0x0000000008007908        0x8 ./Core/Src/GENERAL_DEF.o
                0x0000000008007908                Initial_SystemInfo
 .rodata.Initial_Calibration
                0x0000000008007910       0x2c ./Core/Src/GENERAL_DEF.o
                0x0000000008007910                Initial_Calibration
 .rodata.AHBPrescTable
                0x000000000800793c       0x10 ./Core/Src/system_stm32f1xx.o
                0x000000000800793c                AHBPrescTable
 .rodata.APBPrescTable
                0x000000000800794c        0x8 ./Core/Src/system_stm32f1xx.o
                0x000000000800794c                APBPrescTable
 .rodata._svfprintf_r.str1.1
                0x0000000008007954       0x11 /opt/st/stm32cubeide_1.10.1/plugins/com.st.stm32cube.ide.mcu.externaltools.gnu-tools-for-stm32.10.3-2021.10.linux64_1.0.0.202111181127/tools/bin/../lib/gcc/arm-none-eabi/10.3.1/../../../../arm-none-eabi/lib/thumb/v7-m/nofp/libc_nano.a(lib_a-nano-svfprintf.o)
 .rodata._printf_i.str1.1
                0x0000000008007965       0x22 /opt/st/stm32cubeide_1.10.1/plugins/com.st.stm32cube.ide.mcu.externaltools.gnu-tools-for-stm32.10.3-2021.10.linux64_1.0.0.202111181127/tools/bin/../lib/gcc/arm-none-eabi/10.3.1/../../../../arm-none-eabi/lib/thumb/v7-m/nofp/libc_nano.a(lib_a-nano-vfprintf_i.o)
                0x0000000008007988                . = ALIGN (0x4)
 *fill*         0x0000000008007987        0x1 

.rel.dyn        0x0000000008007988        0x0
 .rel.iplt      0x0000000008007988        0x0 /opt/st/stm32cubeide_1.10.1/plugins/com.st.stm32cube.ide.mcu.externaltools.gnu-tools-for-stm32.10.3-2021.10.linux64_1.0.0.202111181127/tools/bin/../lib/gcc/arm-none-eabi/10.3.1/thumb/v7-m/nofp/crtbegin.o

.ARM.extab      0x0000000008007988        0x0
                0x0000000008007988                . = ALIGN (0x4)
 *(.ARM.extab* .gnu.linkonce.armextab.*)
                0x0000000008007988                . = ALIGN (0x4)

.ARM            0x0000000008007988        0x0
                0x0000000008007988                . = ALIGN (0x4)
                0x0000000008007988                __exidx_start = .
 *(.ARM.exidx*)
                0x0000000008007988                __exidx_end = .
                0x0000000008007988                . = ALIGN (0x4)

.preinit_array  0x0000000008007988        0x0
                0x0000000008007988                . = ALIGN (0x4)
                0x0000000008007988                PROVIDE (__preinit_array_start = .)
 *(.preinit_array*)
                0x0000000008007988                PROVIDE (__preinit_array_end = .)
                0x0000000008007988                . = ALIGN (0x4)

.init_array     0x0000000008007988        0x4
                0x0000000008007988                . = ALIGN (0x4)
                0x0000000008007988                PROVIDE (__init_array_start = .)
 *(SORT_BY_NAME(.init_array.*))
 *(.init_array*)
 .init_array    0x0000000008007988        0x4 /opt/st/stm32cubeide_1.10.1/plugins/com.st.stm32cube.ide.mcu.externaltools.gnu-tools-for-stm32.10.3-2021.10.linux64_1.0.0.202111181127/tools/bin/../lib/gcc/arm-none-eabi/10.3.1/thumb/v7-m/nofp/crtbegin.o
                0x000000000800798c                PROVIDE (__init_array_end = .)
                0x000000000800798c                . = ALIGN (0x4)

.fini_array     0x000000000800798c        0x4
                0x000000000800798c                . = ALIGN (0x4)
                [!provide]                        PROVIDE (__fini_array_start = .)
 *(SORT_BY_NAME(.fini_array.*))
 *(.fini_array*)
 .fini_array    0x000000000800798c        0x4 /opt/st/stm32cubeide_1.10.1/plugins/com.st.stm32cube.ide.mcu.externaltools.gnu-tools-for-stm32.10.3-2021.10.linux64_1.0.0.202111181127/tools/bin/../lib/gcc/arm-none-eabi/10.3.1/thumb/v7-m/nofp/crtbegin.o
                [!provide]                        PROVIDE (__fini_array_end = .)
                0x0000000008007990                . = ALIGN (0x4)
                0x0000000008007990                _sidata = LOADADDR (.data)

.data           0x0000000020000000       0x9c load address 0x0000000008007990
                0x0000000020000000                . = ALIGN (0x4)
                0x0000000020000000                _sdata = .
 *(.data)
 *(.data*)
 .data.voltageArray
                0x0000000020000000       0x18 ./Core/Src/IO_CONTROL.o
                0x0000000020000000                voltageArray
 .data.temp     0x0000000020000018        0xc ./Core/Src/IO_CONTROL.o
                0x0000000020000018                temp
 .data.transmstatus
                0x0000000020000024        0x1 ./Core/Src/USART_COMM.o
                0x0000000020000024                transmstatus
 .data.receptstatus
                0x0000000020000025        0x1 ./Core/Src/USART_COMM.o
                0x0000000020000025                receptstatus
 *fill*         0x0000000020000026        0x2 
 .data.refAddress
                0x0000000020000028        0x4 ./Core/Src/USART_COMM.o
                0x0000000020000028                refAddress
 .data.SystemCoreClock
                0x000000002000002c        0x4 ./Core/Src/system_stm32f1xx.o
                0x000000002000002c                SystemCoreClock
 .data.uwTickPrio
                0x0000000020000030        0x4 ./Drivers/STM32F1xx_HAL_Driver/Src/stm32f1xx_hal.o
                0x0000000020000030                uwTickPrio
 .data.uwTickFreq
                0x0000000020000034        0x1 ./Drivers/STM32F1xx_HAL_Driver/Src/stm32f1xx_hal.o
                0x0000000020000034                uwTickFreq
 *fill*         0x0000000020000035        0x3 
 .data._impure_ptr
                0x0000000020000038        0x4 /opt/st/stm32cubeide_1.10.1/plugins/com.st.stm32cube.ide.mcu.externaltools.gnu-tools-for-stm32.10.3-2021.10.linux64_1.0.0.202111181127/tools/bin/../lib/gcc/arm-none-eabi/10.3.1/../../../../arm-none-eabi/lib/thumb/v7-m/nofp/libc_nano.a(lib_a-impure.o)
                0x0000000020000038                _impure_ptr
 .data.impure_data
                0x000000002000003c       0x60 /opt/st/stm32cubeide_1.10.1/plugins/com.st.stm32cube.ide.mcu.externaltools.gnu-tools-for-stm32.10.3-2021.10.linux64_1.0.0.202111181127/tools/bin/../lib/gcc/arm-none-eabi/10.3.1/../../../../arm-none-eabi/lib/thumb/v7-m/nofp/libc_nano.a(lib_a-impure.o)
 *(.RamFunc)
 *(.RamFunc*)
                0x000000002000009c                . = ALIGN (0x4)
                0x000000002000009c                _edata = .

.igot.plt       0x000000002000009c        0x0 load address 0x0000000008007a2c
 .igot.plt      0x000000002000009c        0x0 /opt/st/stm32cubeide_1.10.1/plugins/com.st.stm32cube.ide.mcu.externaltools.gnu-tools-for-stm32.10.3-2021.10.linux64_1.0.0.202111181127/tools/bin/../lib/gcc/arm-none-eabi/10.3.1/thumb/v7-m/nofp/crtbegin.o
                0x000000002000009c                . = ALIGN (0x4)

.bss            0x00000000200000a0      0x3f8 load address 0x0000000008007a2c
                0x00000000200000a0                _sbss = .
                0x00000000200000a0                __bss_start__ = _sbss
 *(.bss)
 .bss           0x00000000200000a0       0x1c /opt/st/stm32cubeide_1.10.1/plugins/com.st.stm32cube.ide.mcu.externaltools.gnu-tools-for-stm32.10.3-2021.10.linux64_1.0.0.202111181127/tools/bin/../lib/gcc/arm-none-eabi/10.3.1/thumb/v7-m/nofp/crtbegin.o
 *(.bss*)
 .bss.EraseInitStruct.0
                0x00000000200000bc       0x10 ./Core/Src/FlASH_PAGE.o
 .bss.calibFlashBlock
                0x00000000200000cc       0x2c ./Core/Src/GENERAL_DEF.o
                0x00000000200000cc                calibFlashBlock
 .bss.sysInfoBlock
                0x00000000200000f8        0x8 ./Core/Src/GENERAL_DEF.o
                0x00000000200000f8                sysInfoBlock
 .bss.scenario  0x0000000020000100       0x40 ./Core/Src/GENERAL_DEF.o
                0x0000000020000100                scenario
 .bss.request   0x0000000020000140       0x24 ./Core/Src/IGN_MGMT.o
                0x0000000020000140                request
 .bss.Pulse_Program
                0x0000000020000164       0x24 ./Core/Src/IGN_MGMT.o
                0x0000000020000164                Pulse_Program
 .bss.flagCutoff.7
                0x0000000020000188        0x1 ./Core/Src/IGN_MGMT.o
 .bss.advance.6
                0x0000000020000189        0x1 ./Core/Src/IGN_MGMT.o
 *fill*         0x000000002000018a        0x2 
 .bss.Event1.5  0x000000002000018c        0x4 ./Core/Src/IGN_MGMT.o
 .bss.Event2.4  0x0000000020000190        0x4 ./Core/Src/IGN_MGMT.o
 .bss.Event3.3  0x0000000020000194        0x4 ./Core/Src/IGN_MGMT.o
 .bss.Event4.2  0x0000000020000198        0x4 ./Core/Src/IGN_MGMT.o
 .bss.program.1
                0x000000002000019c        0x1 ./Core/Src/IGN_MGMT.o
 *fill*         0x000000002000019d        0x3 
 .bss.initial_value.0
                0x00000000200001a0        0x4 ./Core/Src/IGN_MGMT.o
 .bss.adcInputs
                0x00000000200001a4       0x10 ./Core/Src/IO_CONTROL.o
                0x00000000200001a4                adcInputs
 .bss.sensors   0x00000000200001b4       0x18 ./Core/Src/IO_CONTROL.o
                0x00000000200001b4                sensors
 .bss.sequence  0x00000000200001cc        0x1 ./Core/Src/IO_CONTROL.o
                0x00000000200001cc                sequence
 .bss.sequence1
                0x00000000200001cd        0x1 ./Core/Src/IO_CONTROL.o
                0x00000000200001cd                sequence1
 .bss.times     0x00000000200001ce        0x1 ./Core/Src/IO_CONTROL.o
                0x00000000200001ce                times
 .bss.counter.1
                0x00000000200001cf        0x1 ./Core/Src/IO_CONTROL.o
 .bss.order.0   0x00000000200001d0        0x1 ./Core/Src/IO_CONTROL.o
 *fill*         0x00000000200001d1        0x3 
 .bss.dtpred.5  0x00000000200001d4        0x4 ./Core/Src/MATH_LIB.o
 .bss.errt.4    0x00000000200001d8        0x4 ./Core/Src/MATH_LIB.o
 .bss.dts.3     0x00000000200001dc        0x4 ./Core/Src/MATH_LIB.o
 .bss.tddtpred.2
                0x00000000200001e0        0x4 ./Core/Src/MATH_LIB.o
 .bss.tddts.1   0x00000000200001e4        0x4 ./Core/Src/MATH_LIB.o
 .bss.t2dddts.0
                0x00000000200001e8        0x4 ./Core/Src/MATH_LIB.o
 .bss.array_sched_var
                0x00000000200001ec       0x18 ./Core/Src/SCHEDULLER.o
                0x00000000200001ec                array_sched_var
 .bss.sConfigIC
                0x0000000020000204       0x10 ./Core/Src/USART_COMM.o
                0x0000000020000204                sConfigIC
 .bss.flgTransmition
                0x0000000020000214        0x1 ./Core/Src/USART_COMM.o
                0x0000000020000214                flgTransmition
 *fill*         0x0000000020000215        0x3 
 .bss.UART1_txBuffer
                0x0000000020000218       0x39 ./Core/Src/USART_COMM.o
                0x0000000020000218                UART1_txBuffer
 *fill*         0x0000000020000251        0x3 
 .bss.UART1_rxBuffer
                0x0000000020000254       0x2d ./Core/Src/USART_COMM.o
                0x0000000020000254                UART1_rxBuffer
 .bss.comErrorDetected
                0x0000000020000281        0x1 ./Core/Src/USART_COMM.o
                0x0000000020000281                comErrorDetected
 *fill*         0x0000000020000282        0x2 
 .bss.hadc1     0x0000000020000284       0x30 ./Core/Src/main.o
                0x0000000020000284                hadc1
 .bss.hdma_adc1
                0x00000000200002b4       0x44 ./Core/Src/main.o
                0x00000000200002b4                hdma_adc1
 .bss.hiwdg     0x00000000200002f8        0xc ./Core/Src/main.o
                0x00000000200002f8                hiwdg
 .bss.htim2     0x0000000020000304       0x48 ./Core/Src/main.o
                0x0000000020000304                htim2
 .bss.htim4     0x000000002000034c       0x48 ./Core/Src/main.o
                0x000000002000034c                htim4
 .bss.huart1    0x0000000020000394       0x44 ./Core/Src/main.o
                0x0000000020000394                huart1
 .bss.hdma_usart1_rx
                0x00000000200003d8       0x44 ./Core/Src/main.o
                0x00000000200003d8                hdma_usart1_rx
 .bss.hdma_usart1_tx
                0x000000002000041c       0x44 ./Core/Src/main.o
                0x000000002000041c                hdma_usart1_tx
 .bss.__sbrk_heap_end
                0x0000000020000460        0x4 ./Core/Src/sysmem.o
 .bss.uwTick    0x0000000020000464        0x4 ./Drivers/STM32F1xx_HAL_Driver/Src/stm32f1xx_hal.o
                0x0000000020000464                uwTick
 .bss.pFlash    0x0000000020000468       0x20 ./Drivers/STM32F1xx_HAL_Driver/Src/stm32f1xx_hal_flash.o
                0x0000000020000468                pFlash
 .bss.__malloc_free_list
                0x0000000020000488        0x4 /opt/st/stm32cubeide_1.10.1/plugins/com.st.stm32cube.ide.mcu.externaltools.gnu-tools-for-stm32.10.3-2021.10.linux64_1.0.0.202111181127/tools/bin/../lib/gcc/arm-none-eabi/10.3.1/../../../../arm-none-eabi/lib/thumb/v7-m/nofp/libc_nano.a(lib_a-nano-mallocr.o)
                0x0000000020000488                __malloc_free_list
 .bss.__malloc_sbrk_start
                0x000000002000048c        0x4 /opt/st/stm32cubeide_1.10.1/plugins/com.st.stm32cube.ide.mcu.externaltools.gnu-tools-for-stm32.10.3-2021.10.linux64_1.0.0.202111181127/tools/bin/../lib/gcc/arm-none-eabi/10.3.1/../../../../arm-none-eabi/lib/thumb/v7-m/nofp/libc_nano.a(lib_a-nano-mallocr.o)
                0x000000002000048c                __malloc_sbrk_start
 .bss.errno     0x0000000020000490        0x4 /opt/st/stm32cubeide_1.10.1/plugins/com.st.stm32cube.ide.mcu.externaltools.gnu-tools-for-stm32.10.3-2021.10.linux64_1.0.0.202111181127/tools/bin/../lib/gcc/arm-none-eabi/10.3.1/../../../../arm-none-eabi/lib/thumb/v7-m/nofp/libc_nano.a(lib_a-reent.o)
                0x0000000020000490                errno
 .bss.__lock___malloc_recursive_mutex
                0x0000000020000494        0x1 /opt/st/stm32cubeide_1.10.1/plugins/com.st.stm32cube.ide.mcu.externaltools.gnu-tools-for-stm32.10.3-2021.10.linux64_1.0.0.202111181127/tools/bin/../lib/gcc/arm-none-eabi/10.3.1/../../../../arm-none-eabi/lib/thumb/v7-m/nofp/libc_nano.a(lib_a-lock.o)
                0x0000000020000494                __lock___malloc_recursive_mutex
 *(COMMON)
                0x0000000020000498                . = ALIGN (0x4)
 *fill*         0x0000000020000495        0x3 
                0x0000000020000498                _ebss = .
                0x0000000020000498                __bss_end__ = _ebss

._user_heap_stack
                0x0000000020000498      0x600 load address 0x0000000008007a2c
                0x0000000020000498                . = ALIGN (0x8)
                [!provide]                        PROVIDE (end = .)
                0x0000000020000498                PROVIDE (_end = .)
                0x0000000020000698                . = (. + _Min_Heap_Size)
 *fill*         0x0000000020000498      0x200 
                0x0000000020000a98                . = (. + _Min_Stack_Size)
 *fill*         0x0000000020000698      0x400 
                0x0000000020000a98                . = ALIGN (0x8)

/DISCARD/
 libc.a(*)
 libm.a(*)
 libgcc.a(*)

.ARM.attributes
                0x0000000000000000       0x29
 *(.ARM.attributes)
 .ARM.attributes
                0x0000000000000000       0x1d /opt/st/stm32cubeide_1.10.1/plugins/com.st.stm32cube.ide.mcu.externaltools.gnu-tools-for-stm32.10.3-2021.10.linux64_1.0.0.202111181127/tools/bin/../lib/gcc/arm-none-eabi/10.3.1/thumb/v7-m/nofp/crti.o
 .ARM.attributes
                0x000000000000001d       0x2d /opt/st/stm32cubeide_1.10.1/plugins/com.st.stm32cube.ide.mcu.externaltools.gnu-tools-for-stm32.10.3-2021.10.linux64_1.0.0.202111181127/tools/bin/../lib/gcc/arm-none-eabi/10.3.1/thumb/v7-m/nofp/crtbegin.o
 .ARM.attributes
                0x000000000000004a       0x2d ./Core/Src/APPLICATION.o
 .ARM.attributes
                0x0000000000000077       0x2d ./Core/Src/FlASH_PAGE.o
 .ARM.attributes
                0x00000000000000a4       0x2d ./Core/Src/GENERAL_DEF.o
 .ARM.attributes
                0x00000000000000d1       0x2d ./Core/Src/IGN_MGMT.o
 .ARM.attributes
                0x00000000000000fe       0x2d ./Core/Src/IO_CONTROL.o
 .ARM.attributes
                0x000000000000012b       0x2d ./Core/Src/MATH_LIB.o
 .ARM.attributes
                0x0000000000000158       0x2d ./Core/Src/SCHEDULLER.o
 .ARM.attributes
                0x0000000000000185       0x2d ./Core/Src/USART_COMM.o
 .ARM.attributes
                0x00000000000001b2       0x2d ./Core/Src/main.o
 .ARM.attributes
                0x00000000000001df       0x2d ./Core/Src/stm32f1xx_hal_msp.o
 .ARM.attributes
                0x000000000000020c       0x2d ./Core/Src/stm32f1xx_it.o
 .ARM.attributes
                0x0000000000000239       0x2d ./Core/Src/sysmem.o
 .ARM.attributes
                0x0000000000000266       0x2d ./Core/Src/system_stm32f1xx.o
 .ARM.attributes
                0x0000000000000293       0x21 ./Core/Startup/startup_stm32f103c8tx.o
 .ARM.attributes
                0x00000000000002b4       0x2d ./Drivers/STM32F1xx_HAL_Driver/Src/stm32f1xx_hal.o
 .ARM.attributes
                0x00000000000002e1       0x2d ./Drivers/STM32F1xx_HAL_Driver/Src/stm32f1xx_hal_adc.o
 .ARM.attributes
                0x000000000000030e       0x2d ./Drivers/STM32F1xx_HAL_Driver/Src/stm32f1xx_hal_adc_ex.o
 .ARM.attributes
                0x000000000000033b       0x2d ./Drivers/STM32F1xx_HAL_Driver/Src/stm32f1xx_hal_cortex.o
 .ARM.attributes
                0x0000000000000368       0x2d ./Drivers/STM32F1xx_HAL_Driver/Src/stm32f1xx_hal_dma.o
 .ARM.attributes
                0x0000000000000395       0x2d ./Drivers/STM32F1xx_HAL_Driver/Src/stm32f1xx_hal_flash.o
 .ARM.attributes
                0x00000000000003c2       0x2d ./Drivers/STM32F1xx_HAL_Driver/Src/stm32f1xx_hal_flash_ex.o
 .ARM.attributes
                0x00000000000003ef       0x2d ./Drivers/STM32F1xx_HAL_Driver/Src/stm32f1xx_hal_gpio.o
 .ARM.attributes
                0x000000000000041c       0x2d ./Drivers/STM32F1xx_HAL_Driver/Src/stm32f1xx_hal_iwdg.o
 .ARM.attributes
                0x0000000000000449       0x2d ./Drivers/STM32F1xx_HAL_Driver/Src/stm32f1xx_hal_pwr.o
 .ARM.attributes
                0x0000000000000476       0x2d ./Drivers/STM32F1xx_HAL_Driver/Src/stm32f1xx_hal_rcc.o
 .ARM.attributes
                0x00000000000004a3       0x2d ./Drivers/STM32F1xx_HAL_Driver/Src/stm32f1xx_hal_rcc_ex.o
 .ARM.attributes
                0x00000000000004d0       0x2d ./Drivers/STM32F1xx_HAL_Driver/Src/stm32f1xx_hal_tim.o
 .ARM.attributes
                0x00000000000004fd       0x2d ./Drivers/STM32F1xx_HAL_Driver/Src/stm32f1xx_hal_tim_ex.o
 .ARM.attributes
                0x000000000000052a       0x2d ./Drivers/STM32F1xx_HAL_Driver/Src/stm32f1xx_hal_uart.o
 .ARM.attributes
                0x0000000000000557       0x2d /opt/st/stm32cubeide_1.10.1/plugins/com.st.stm32cube.ide.mcu.externaltools.gnu-tools-for-stm32.10.3-2021.10.linux64_1.0.0.202111181127/tools/bin/../lib/gcc/arm-none-eabi/10.3.1/../../../../arm-none-eabi/lib/thumb/v7-m/nofp/libc_nano.a(lib_a-errno.o)
 .ARM.attributes
                0x0000000000000584       0x2d /opt/st/stm32cubeide_1.10.1/plugins/com.st.stm32cube.ide.mcu.externaltools.gnu-tools-for-stm32.10.3-2021.10.linux64_1.0.0.202111181127/tools/bin/../lib/gcc/arm-none-eabi/10.3.1/../../../../arm-none-eabi/lib/thumb/v7-m/nofp/libc_nano.a(lib_a-impure.o)
 .ARM.attributes
                0x00000000000005b1       0x2d /opt/st/stm32cubeide_1.10.1/plugins/com.st.stm32cube.ide.mcu.externaltools.gnu-tools-for-stm32.10.3-2021.10.linux64_1.0.0.202111181127/tools/bin/../lib/gcc/arm-none-eabi/10.3.1/../../../../arm-none-eabi/lib/thumb/v7-m/nofp/libc_nano.a(lib_a-init.o)
 .ARM.attributes
                0x00000000000005de       0x2d /opt/st/stm32cubeide_1.10.1/plugins/com.st.stm32cube.ide.mcu.externaltools.gnu-tools-for-stm32.10.3-2021.10.linux64_1.0.0.202111181127/tools/bin/../lib/gcc/arm-none-eabi/10.3.1/../../../../arm-none-eabi/lib/thumb/v7-m/nofp/libc_nano.a(lib_a-memset.o)
 .ARM.attributes
                0x000000000000060b       0x2d /opt/st/stm32cubeide_1.10.1/plugins/com.st.stm32cube.ide.mcu.externaltools.gnu-tools-for-stm32.10.3-2021.10.linux64_1.0.0.202111181127/tools/bin/../lib/gcc/arm-none-eabi/10.3.1/../../../../arm-none-eabi/lib/thumb/v7-m/nofp/libc_nano.a(lib_a-sprintf.o)
 .ARM.attributes
                0x0000000000000638       0x2d /opt/st/stm32cubeide_1.10.1/plugins/com.st.stm32cube.ide.mcu.externaltools.gnu-tools-for-stm32.10.3-2021.10.linux64_1.0.0.202111181127/tools/bin/../lib/gcc/arm-none-eabi/10.3.1/../../../../arm-none-eabi/lib/thumb/v7-m/nofp/libc_nano.a(lib_a-nano-svfprintf.o)
 .ARM.attributes
                0x0000000000000665       0x2d /opt/st/stm32cubeide_1.10.1/plugins/com.st.stm32cube.ide.mcu.externaltools.gnu-tools-for-stm32.10.3-2021.10.linux64_1.0.0.202111181127/tools/bin/../lib/gcc/arm-none-eabi/10.3.1/../../../../arm-none-eabi/lib/thumb/v7-m/nofp/libc_nano.a(lib_a-nano-vfprintf_i.o)
 .ARM.attributes
                0x0000000000000692       0x2d /opt/st/stm32cubeide_1.10.1/plugins/com.st.stm32cube.ide.mcu.externaltools.gnu-tools-for-stm32.10.3-2021.10.linux64_1.0.0.202111181127/tools/bin/../lib/gcc/arm-none-eabi/10.3.1/../../../../arm-none-eabi/lib/thumb/v7-m/nofp/libc_nano.a(lib_a-memchr-stub.o)
 .ARM.attributes
                0x00000000000006bf       0x2d /opt/st/stm32cubeide_1.10.1/plugins/com.st.stm32cube.ide.mcu.externaltools.gnu-tools-for-stm32.10.3-2021.10.linux64_1.0.0.202111181127/tools/bin/../lib/gcc/arm-none-eabi/10.3.1/../../../../arm-none-eabi/lib/thumb/v7-m/nofp/libc_nano.a(lib_a-memcpy-stub.o)
 .ARM.attributes
                0x00000000000006ec       0x2d /opt/st/stm32cubeide_1.10.1/plugins/com.st.stm32cube.ide.mcu.externaltools.gnu-tools-for-stm32.10.3-2021.10.linux64_1.0.0.202111181127/tools/bin/../lib/gcc/arm-none-eabi/10.3.1/../../../../arm-none-eabi/lib/thumb/v7-m/nofp/libc_nano.a(lib_a-memmove.o)
 .ARM.attributes
                0x0000000000000719       0x2d /opt/st/stm32cubeide_1.10.1/plugins/com.st.stm32cube.ide.mcu.externaltools.gnu-tools-for-stm32.10.3-2021.10.linux64_1.0.0.202111181127/tools/bin/../lib/gcc/arm-none-eabi/10.3.1/../../../../arm-none-eabi/lib/thumb/v7-m/nofp/libc_nano.a(lib_a-nano-freer.o)
 .ARM.attributes
                0x0000000000000746       0x2d /opt/st/stm32cubeide_1.10.1/plugins/com.st.stm32cube.ide.mcu.externaltools.gnu-tools-for-stm32.10.3-2021.10.linux64_1.0.0.202111181127/tools/bin/../lib/gcc/arm-none-eabi/10.3.1/../../../../arm-none-eabi/lib/thumb/v7-m/nofp/libc_nano.a(lib_a-nano-mallocr.o)
 .ARM.attributes
                0x0000000000000773       0x2d /opt/st/stm32cubeide_1.10.1/plugins/com.st.stm32cube.ide.mcu.externaltools.gnu-tools-for-stm32.10.3-2021.10.linux64_1.0.0.202111181127/tools/bin/../lib/gcc/arm-none-eabi/10.3.1/../../../../arm-none-eabi/lib/thumb/v7-m/nofp/libc_nano.a(lib_a-nano-reallocr.o)
 .ARM.attributes
                0x00000000000007a0       0x2d /opt/st/stm32cubeide_1.10.1/plugins/com.st.stm32cube.ide.mcu.externaltools.gnu-tools-for-stm32.10.3-2021.10.linux64_1.0.0.202111181127/tools/bin/../lib/gcc/arm-none-eabi/10.3.1/../../../../arm-none-eabi/lib/thumb/v7-m/nofp/libc_nano.a(lib_a-sbrkr.o)
 .ARM.attributes
                0x00000000000007cd       0x2d /opt/st/stm32cubeide_1.10.1/plugins/com.st.stm32cube.ide.mcu.externaltools.gnu-tools-for-stm32.10.3-2021.10.linux64_1.0.0.202111181127/tools/bin/../lib/gcc/arm-none-eabi/10.3.1/../../../../arm-none-eabi/lib/thumb/v7-m/nofp/libc_nano.a(lib_a-mlock.o)
 .ARM.attributes
                0x00000000000007fa       0x2d /opt/st/stm32cubeide_1.10.1/plugins/com.st.stm32cube.ide.mcu.externaltools.gnu-tools-for-stm32.10.3-2021.10.linux64_1.0.0.202111181127/tools/bin/../lib/gcc/arm-none-eabi/10.3.1/../../../../arm-none-eabi/lib/thumb/v7-m/nofp/libc_nano.a(lib_a-nano-msizer.o)
 .ARM.attributes
                0x0000000000000827       0x2d /opt/st/stm32cubeide_1.10.1/plugins/com.st.stm32cube.ide.mcu.externaltools.gnu-tools-for-stm32.10.3-2021.10.linux64_1.0.0.202111181127/tools/bin/../lib/gcc/arm-none-eabi/10.3.1/../../../../arm-none-eabi/lib/thumb/v7-m/nofp/libc_nano.a(lib_a-reent.o)
 .ARM.attributes
                0x0000000000000854       0x2d /opt/st/stm32cubeide_1.10.1/plugins/com.st.stm32cube.ide.mcu.externaltools.gnu-tools-for-stm32.10.3-2021.10.linux64_1.0.0.202111181127/tools/bin/../lib/gcc/arm-none-eabi/10.3.1/../../../../arm-none-eabi/lib/thumb/v7-m/nofp/libc_nano.a(lib_a-lock.o)
 .ARM.attributes
                0x0000000000000881       0x1d /opt/st/stm32cubeide_1.10.1/plugins/com.st.stm32cube.ide.mcu.externaltools.gnu-tools-for-stm32.10.3-2021.10.linux64_1.0.0.202111181127/tools/bin/../lib/gcc/arm-none-eabi/10.3.1/thumb/v7-m/nofp/crtn.o
OUTPUT(CDI_do_Jerena_Linux.elf elf32-littlearm)
LOAD linker stubs
LOAD /opt/st/stm32cubeide_1.10.1/plugins/com.st.stm32cube.ide.mcu.externaltools.gnu-tools-for-stm32.10.3-2021.10.linux64_1.0.0.202111181127/tools/bin/../lib/gcc/arm-none-eabi/10.3.1/../../../../arm-none-eabi/lib/thumb/v7-m/nofp/libc.a
LOAD /opt/st/stm32cubeide_1.10.1/plugins/com.st.stm32cube.ide.mcu.externaltools.gnu-tools-for-stm32.10.3-2021.10.linux64_1.0.0.202111181127/tools/bin/../lib/gcc/arm-none-eabi/10.3.1/../../../../arm-none-eabi/lib/thumb/v7-m/nofp/libm.a
LOAD /opt/st/stm32cubeide_1.10.1/plugins/com.st.stm32cube.ide.mcu.externaltools.gnu-tools-for-stm32.10.3-2021.10.linux64_1.0.0.202111181127/tools/bin/../lib/gcc/arm-none-eabi/10.3.1/thumb/v7-m/nofp/libgcc.a

.debug_info     0x0000000000000000    0x12658
 .debug_info    0x0000000000000000      0x317 ./Core/Src/APPLICATION.o
 .debug_info    0x0000000000000317      0x35c ./Core/Src/FlASH_PAGE.o
 .debug_info    0x0000000000000673      0x496 ./Core/Src/GENERAL_DEF.o
 .debug_info    0x0000000000000b09     0x10a1 ./Core/Src/IGN_MGMT.o
 .debug_info    0x0000000000001baa      0x739 ./Core/Src/IO_CONTROL.o
 .debug_info    0x00000000000022e3      0x616 ./Core/Src/MATH_LIB.o
 .debug_info    0x00000000000028f9      0x186 ./Core/Src/SCHEDULLER.o
 .debug_info    0x0000000000002a7f     0x121c ./Core/Src/USART_COMM.o
 .debug_info    0x0000000000003c9b     0x1885 ./Core/Src/main.o
 .debug_info    0x0000000000005520     0x1144 ./Core/Src/stm32f1xx_hal_msp.o
 .debug_info    0x0000000000006664      0xcdc ./Core/Src/stm32f1xx_it.o
 .debug_info    0x0000000000007340      0x171 ./Core/Src/sysmem.o
 .debug_info    0x00000000000074b1      0x3f8 ./Core/Src/system_stm32f1xx.o
 .debug_info    0x00000000000078a9       0x22 ./Core/Startup/startup_stm32f103c8tx.o
 .debug_info    0x00000000000078cb      0x734 ./Drivers/STM32F1xx_HAL_Driver/Src/stm32f1xx_hal.o
 .debug_info    0x0000000000007fff      0xcd9 ./Drivers/STM32F1xx_HAL_Driver/Src/stm32f1xx_hal_adc.o
 .debug_info    0x0000000000008cd8      0xa8f ./Drivers/STM32F1xx_HAL_Driver/Src/stm32f1xx_hal_adc_ex.o
 .debug_info    0x0000000000009767      0xb20 ./Drivers/STM32F1xx_HAL_Driver/Src/stm32f1xx_hal_cortex.o
 .debug_info    0x000000000000a287      0x73f ./Drivers/STM32F1xx_HAL_Driver/Src/stm32f1xx_hal_dma.o
 .debug_info    0x000000000000a9c6      0x547 ./Drivers/STM32F1xx_HAL_Driver/Src/stm32f1xx_hal_flash.o
 .debug_info    0x000000000000af0d      0x7e5 ./Drivers/STM32F1xx_HAL_Driver/Src/stm32f1xx_hal_flash_ex.o
 .debug_info    0x000000000000b6f2      0x615 ./Drivers/STM32F1xx_HAL_Driver/Src/stm32f1xx_hal_gpio.o
 .debug_info    0x000000000000bd07      0x1ec ./Drivers/STM32F1xx_HAL_Driver/Src/stm32f1xx_hal_iwdg.o
 .debug_info    0x000000000000bef3      0x65c ./Drivers/STM32F1xx_HAL_Driver/Src/stm32f1xx_hal_pwr.o
 .debug_info    0x000000000000c54f      0x860 ./Drivers/STM32F1xx_HAL_Driver/Src/stm32f1xx_hal_rcc.o
 .debug_info    0x000000000000cdaf      0x3e0 ./Drivers/STM32F1xx_HAL_Driver/Src/stm32f1xx_hal_rcc_ex.o
 .debug_info    0x000000000000d18f     0x29de ./Drivers/STM32F1xx_HAL_Driver/Src/stm32f1xx_hal_tim.o
 .debug_info    0x000000000000fb6d     0x1513 ./Drivers/STM32F1xx_HAL_Driver/Src/stm32f1xx_hal_tim_ex.o
 .debug_info    0x0000000000011080     0x15d8 ./Drivers/STM32F1xx_HAL_Driver/Src/stm32f1xx_hal_uart.o

.debug_abbrev   0x0000000000000000     0x37e0
 .debug_abbrev  0x0000000000000000      0x169 ./Core/Src/APPLICATION.o
 .debug_abbrev  0x0000000000000169      0x196 ./Core/Src/FlASH_PAGE.o
 .debug_abbrev  0x00000000000002ff      0x12e ./Core/Src/GENERAL_DEF.o
 .debug_abbrev  0x000000000000042d      0x2f6 ./Core/Src/IGN_MGMT.o
 .debug_abbrev  0x0000000000000723      0x23d ./Core/Src/IO_CONTROL.o
 .debug_abbrev  0x0000000000000960      0x1c7 ./Core/Src/MATH_LIB.o
 .debug_abbrev  0x0000000000000b27      0x10d ./Core/Src/SCHEDULLER.o
 .debug_abbrev  0x0000000000000c34      0x30c ./Core/Src/USART_COMM.o
 .debug_abbrev  0x0000000000000f40      0x2b8 ./Core/Src/main.o
 .debug_abbrev  0x00000000000011f8      0x240 ./Core/Src/stm32f1xx_hal_msp.o
 .debug_abbrev  0x0000000000001438      0x1c4 ./Core/Src/stm32f1xx_it.o
 .debug_abbrev  0x00000000000015fc       0xbb ./Core/Src/sysmem.o
 .debug_abbrev  0x00000000000016b7      0x13b ./Core/Src/system_stm32f1xx.o
 .debug_abbrev  0x00000000000017f2       0x12 ./Core/Startup/startup_stm32f103c8tx.o
 .debug_abbrev  0x0000000000001804      0x1fb ./Drivers/STM32F1xx_HAL_Driver/Src/stm32f1xx_hal.o
 .debug_abbrev  0x00000000000019ff      0x210 ./Drivers/STM32F1xx_HAL_Driver/Src/stm32f1xx_hal_adc.o
 .debug_abbrev  0x0000000000001c0f      0x234 ./Drivers/STM32F1xx_HAL_Driver/Src/stm32f1xx_hal_adc_ex.o
 .debug_abbrev  0x0000000000001e43      0x2ed ./Drivers/STM32F1xx_HAL_Driver/Src/stm32f1xx_hal_cortex.o
 .debug_abbrev  0x0000000000002130      0x1fe ./Drivers/STM32F1xx_HAL_Driver/Src/stm32f1xx_hal_dma.o
 .debug_abbrev  0x000000000000232e      0x243 ./Drivers/STM32F1xx_HAL_Driver/Src/stm32f1xx_hal_flash.o
 .debug_abbrev  0x0000000000002571      0x23b ./Drivers/STM32F1xx_HAL_Driver/Src/stm32f1xx_hal_flash_ex.o
 .debug_abbrev  0x00000000000027ac      0x1bb ./Drivers/STM32F1xx_HAL_Driver/Src/stm32f1xx_hal_gpio.o
 .debug_abbrev  0x0000000000002967      0x128 ./Drivers/STM32F1xx_HAL_Driver/Src/stm32f1xx_hal_iwdg.o
 .debug_abbrev  0x0000000000002a8f      0x1ed ./Drivers/STM32F1xx_HAL_Driver/Src/stm32f1xx_hal_pwr.o
 .debug_abbrev  0x0000000000002c7c      0x2a8 ./Drivers/STM32F1xx_HAL_Driver/Src/stm32f1xx_hal_rcc.o
 .debug_abbrev  0x0000000000002f24      0x182 ./Drivers/STM32F1xx_HAL_Driver/Src/stm32f1xx_hal_rcc_ex.o
 .debug_abbrev  0x00000000000030a6      0x25d ./Drivers/STM32F1xx_HAL_Driver/Src/stm32f1xx_hal_tim.o
 .debug_abbrev  0x0000000000003303      0x265 ./Drivers/STM32F1xx_HAL_Driver/Src/stm32f1xx_hal_tim_ex.o
 .debug_abbrev  0x0000000000003568      0x278 ./Drivers/STM32F1xx_HAL_Driver/Src/stm32f1xx_hal_uart.o

.debug_aranges  0x0000000000000000     0x1320
 .debug_aranges
                0x0000000000000000       0x38 ./Core/Src/APPLICATION.o
 .debug_aranges
                0x0000000000000038       0x38 ./Core/Src/FlASH_PAGE.o
 .debug_aranges
                0x0000000000000070       0x30 ./Core/Src/GENERAL_DEF.o
 .debug_aranges
                0x00000000000000a0       0x98 ./Core/Src/IGN_MGMT.o
 .debug_aranges
                0x0000000000000138       0xd8 ./Core/Src/IO_CONTROL.o
 .debug_aranges
                0x0000000000000210       0x58 ./Core/Src/MATH_LIB.o
 .debug_aranges
                0x0000000000000268       0x20 ./Core/Src/SCHEDULLER.o
 .debug_aranges
                0x0000000000000288       0xa8 ./Core/Src/USART_COMM.o
 .debug_aranges
                0x0000000000000330       0x68 ./Core/Src/main.o
 .debug_aranges
                0x0000000000000398       0x50 ./Core/Src/stm32f1xx_hal_msp.o
 .debug_aranges
                0x00000000000003e8       0xb8 ./Core/Src/stm32f1xx_it.o
 .debug_aranges
                0x00000000000004a0       0x20 ./Core/Src/sysmem.o
 .debug_aranges
                0x00000000000004c0       0x28 ./Core/Src/system_stm32f1xx.o
 .debug_aranges
                0x00000000000004e8       0x28 ./Core/Startup/startup_stm32f103c8tx.o
 .debug_aranges
                0x0000000000000510       0xe0 ./Drivers/STM32F1xx_HAL_Driver/Src/stm32f1xx_hal.o
 .debug_aranges
                0x00000000000005f0       0xf0 ./Drivers/STM32F1xx_HAL_Driver/Src/stm32f1xx_hal_adc.o
 .debug_aranges
                0x00000000000006e0       0x80 ./Drivers/STM32F1xx_HAL_Driver/Src/stm32f1xx_hal_adc_ex.o
 .debug_aranges
                0x0000000000000760      0x100 ./Drivers/STM32F1xx_HAL_Driver/Src/stm32f1xx_hal_cortex.o
 .debug_aranges
                0x0000000000000860       0x80 ./Drivers/STM32F1xx_HAL_Driver/Src/stm32f1xx_hal_dma.o
 .debug_aranges
                0x00000000000008e0       0x88 ./Drivers/STM32F1xx_HAL_Driver/Src/stm32f1xx_hal_flash.o
 .debug_aranges
                0x0000000000000968       0x98 ./Drivers/STM32F1xx_HAL_Driver/Src/stm32f1xx_hal_flash_ex.o
 .debug_aranges
                0x0000000000000a00       0x58 ./Drivers/STM32F1xx_HAL_Driver/Src/stm32f1xx_hal_gpio.o
 .debug_aranges
                0x0000000000000a58       0x28 ./Drivers/STM32F1xx_HAL_Driver/Src/stm32f1xx_hal_iwdg.o
 .debug_aranges
                0x0000000000000a80       0xa8 ./Drivers/STM32F1xx_HAL_Driver/Src/stm32f1xx_hal_pwr.o
 .debug_aranges
                0x0000000000000b28       0x90 ./Drivers/STM32F1xx_HAL_Driver/Src/stm32f1xx_hal_rcc.o
 .debug_aranges
                0x0000000000000bb8       0x30 ./Drivers/STM32F1xx_HAL_Driver/Src/stm32f1xx_hal_rcc_ex.o
 .debug_aranges
                0x0000000000000be8      0x3d0 ./Drivers/STM32F1xx_HAL_Driver/Src/stm32f1xx_hal_tim.o
 .debug_aranges
                0x0000000000000fb8      0x168 ./Drivers/STM32F1xx_HAL_Driver/Src/stm32f1xx_hal_tim_ex.o
 .debug_aranges
                0x0000000000001120      0x200 ./Drivers/STM32F1xx_HAL_Driver/Src/stm32f1xx_hal_uart.o

.debug_ranges   0x0000000000000000     0x1188
 .debug_ranges  0x0000000000000000       0x28 ./Core/Src/APPLICATION.o
 .debug_ranges  0x0000000000000028       0x28 ./Core/Src/FlASH_PAGE.o
 .debug_ranges  0x0000000000000050       0x20 ./Core/Src/GENERAL_DEF.o
 .debug_ranges  0x0000000000000070       0x88 ./Core/Src/IGN_MGMT.o
 .debug_ranges  0x00000000000000f8       0xc8 ./Core/Src/IO_CONTROL.o
 .debug_ranges  0x00000000000001c0       0x48 ./Core/Src/MATH_LIB.o
 .debug_ranges  0x0000000000000208       0x10 ./Core/Src/SCHEDULLER.o
 .debug_ranges  0x0000000000000218       0x98 ./Core/Src/USART_COMM.o
 .debug_ranges  0x00000000000002b0       0x58 ./Core/Src/main.o
 .debug_ranges  0x0000000000000308       0x40 ./Core/Src/stm32f1xx_hal_msp.o
 .debug_ranges  0x0000000000000348       0xa8 ./Core/Src/stm32f1xx_it.o
 .debug_ranges  0x00000000000003f0       0x10 ./Core/Src/sysmem.o
 .debug_ranges  0x0000000000000400       0x18 ./Core/Src/system_stm32f1xx.o
 .debug_ranges  0x0000000000000418       0x20 ./Core/Startup/startup_stm32f103c8tx.o
 .debug_ranges  0x0000000000000438       0xd0 ./Drivers/STM32F1xx_HAL_Driver/Src/stm32f1xx_hal.o
 .debug_ranges  0x0000000000000508       0xe0 ./Drivers/STM32F1xx_HAL_Driver/Src/stm32f1xx_hal_adc.o
 .debug_ranges  0x00000000000005e8       0x70 ./Drivers/STM32F1xx_HAL_Driver/Src/stm32f1xx_hal_adc_ex.o
 .debug_ranges  0x0000000000000658       0xf0 ./Drivers/STM32F1xx_HAL_Driver/Src/stm32f1xx_hal_cortex.o
 .debug_ranges  0x0000000000000748       0x70 ./Drivers/STM32F1xx_HAL_Driver/Src/stm32f1xx_hal_dma.o
 .debug_ranges  0x00000000000007b8       0x78 ./Drivers/STM32F1xx_HAL_Driver/Src/stm32f1xx_hal_flash.o
 .debug_ranges  0x0000000000000830       0x88 ./Drivers/STM32F1xx_HAL_Driver/Src/stm32f1xx_hal_flash_ex.o
 .debug_ranges  0x00000000000008b8       0x48 ./Drivers/STM32F1xx_HAL_Driver/Src/stm32f1xx_hal_gpio.o
 .debug_ranges  0x0000000000000900       0x18 ./Drivers/STM32F1xx_HAL_Driver/Src/stm32f1xx_hal_iwdg.o
 .debug_ranges  0x0000000000000918       0x98 ./Drivers/STM32F1xx_HAL_Driver/Src/stm32f1xx_hal_pwr.o
 .debug_ranges  0x00000000000009b0       0x80 ./Drivers/STM32F1xx_HAL_Driver/Src/stm32f1xx_hal_rcc.o
 .debug_ranges  0x0000000000000a30       0x20 ./Drivers/STM32F1xx_HAL_Driver/Src/stm32f1xx_hal_rcc_ex.o
 .debug_ranges  0x0000000000000a50      0x3c0 ./Drivers/STM32F1xx_HAL_Driver/Src/stm32f1xx_hal_tim.o
 .debug_ranges  0x0000000000000e10      0x158 ./Drivers/STM32F1xx_HAL_Driver/Src/stm32f1xx_hal_tim_ex.o
 .debug_ranges  0x0000000000000f68      0x220 ./Drivers/STM32F1xx_HAL_Driver/Src/stm32f1xx_hal_uart.o

.debug_macro    0x0000000000000000    0x1a2b2
 .debug_macro   0x0000000000000000      0x209 ./Core/Src/APPLICATION.o
 .debug_macro   0x0000000000000209      0xa6c ./Core/Src/APPLICATION.o
 .debug_macro   0x0000000000000c75      0x22d ./Core/Src/APPLICATION.o
 .debug_macro   0x0000000000000ea2       0x2e ./Core/Src/APPLICATION.o
 .debug_macro   0x0000000000000ed0       0x22 ./Core/Src/APPLICATION.o
 .debug_macro   0x0000000000000ef2       0x22 ./Core/Src/APPLICATION.o
 .debug_macro   0x0000000000000f14       0x8e ./Core/Src/APPLICATION.o
 .debug_macro   0x0000000000000fa2       0x51 ./Core/Src/APPLICATION.o
 .debug_macro   0x0000000000000ff3      0x103 ./Core/Src/APPLICATION.o
 .debug_macro   0x00000000000010f6       0x6a ./Core/Src/APPLICATION.o
 .debug_macro   0x0000000000001160      0x1df ./Core/Src/APPLICATION.o
 .debug_macro   0x000000000000133f       0x1c ./Core/Src/APPLICATION.o
 .debug_macro   0x000000000000135b       0x22 ./Core/Src/APPLICATION.o
 .debug_macro   0x000000000000137d       0xbd ./Core/Src/APPLICATION.o
 .debug_macro   0x000000000000143a      0xd23 ./Core/Src/APPLICATION.o
 .debug_macro   0x000000000000215d     0xe09e ./Core/Src/APPLICATION.o
 .debug_macro   0x00000000000101fb       0x6d ./Core/Src/APPLICATION.o
 .debug_macro   0x0000000000010268     0x3468 ./Core/Src/APPLICATION.o
 .debug_macro   0x00000000000136d0      0x174 ./Core/Src/APPLICATION.o
 .debug_macro   0x0000000000013844       0x5c ./Core/Src/APPLICATION.o
 .debug_macro   0x00000000000138a0      0x5be ./Core/Src/APPLICATION.o
 .debug_macro   0x0000000000013e5e      0x289 ./Core/Src/APPLICATION.o
 .debug_macro   0x00000000000140e7      0x1cb ./Core/Src/APPLICATION.o