../Core/Src/IO_CONTROL.c:37:6:Hardware_Init	8	static
../Core/Src/IO_CONTROL.c:47:6:Hardware_Test	8	static
../Core/Src/IO_CONTROL.c:115:6:ledTest	8	static
../Core/Src/IO_CONTROL.c:160:6:sparkTest	8	static
../Core/Src/IO_CONTROL.c:198:6:manageDignosticLED	8	static
../Core/Src/IO_CONTROL.c:210:6:blinkCommunicationLED	24	static
../Core/Src/IO_CONTROL.c:218:6:manageCommunicationLED	16	static
../Core/Src/IO_CONTROL.c:250:6:Toggle_LED_Green	8	static
../Core/Src/IO_CONTROL.c:255:6:BlinkLEDEcuAlive	8	static
../Core/Src/IO_CONTROL.c:260:6:Set_Output_LED_Green	16	static
../Core/Src/IO_CONTROL.c:273:6:Toggle_LED_Red	8	static
../Core/Src/IO_CONTROL.c:278:6:Set_Output_LED_Red	16	static
../Core/Src/IO_CONTROL.c:291:6:Toggle_LED_Blue	8	static
../Core/Src/IO_CONTROL.c:296:6:Set_Output_LED_Blue	16	static
../Core/Src/IO_CONTROL.c:309:6:Toggle_LED_Yellow	8	static
../Core/Src/IO_CONTROL.c:314:6:Set_Output_LED_Yellow	16	static
../Core/Src/IO_CONTROL.c:326:6:Set_Ouput_Inversor	16	static
../Core/Src/IO_CONTROL.c:338:6:Set_Ouput_Trigger	16	static
../Core/Src/IO_CONTROL.c:350:6:Set_Ouput_InterruptionTest	8	static
../Core/Src/IO_CONTROL.c:355:6:HighVoltage	8	static
../Core/Src/IO_CONTROL.c:362:6:BatteryVoltage	8	static
../Core/Src/IO_CONTROL.c:370:6:EngineTemp	8	static
../Core/Src/IO_CONTROL.c:377:6:BoardTemp	8	static
../Core/Src/IO_CONTROL.c:392:6:Read_Analog_Sensors	8	static
