../Core/Src/USART_COMM.c:43:6:initializeCalibOnRAM	16	static
../Core/Src/USART_COMM.c:53:6:copyCalibUartToRam	16	static
../Core/Src/USART_COMM.c:63:6:copyCalibRamToUart	16	static
../Core/Src/USART_COMM.c:73:6:saveCalibRamToFlash	8	static
../Core/Src/USART_COMM.c:78:6:copyCalibFlashToRam	8	static
../Core/Src/USART_COMM.c:83:6:initializeSysInfoRAM	16	static
../Core/Src/USART_COMM.c:93:6:saveSystemData	8	static
../Core/Src/USART_COMM.c:98:6:copySystemInfoFlashToRam	8	static
../Core/Src/USART_COMM.c:103:6:transmitCalibToUART	24	static
../Core/Src/USART_COMM.c:140:6:transmitsysInfoBlockToUART	24	static
../Core/Src/USART_COMM.c:177:6:receiveData	24	static
../Core/Src/USART_COMM.c:254:6:memoryInitialization	8	static
../Core/Src/USART_COMM.c:274:6:overwriteIntEdgeFromCalib	8	static
../Core/Src/USART_COMM.c:307:6:transmitSystemInfo	72	static
../Core/Src/USART_COMM.c:347:6:HAL_UART_TxCpltCallback	16	static
../Core/Src/USART_COMM.c:352:6:HAL_UART_RxCpltCallback	16	static
../Core/Src/USART_COMM.c:358:6:HAL_UART_ErrorCallback	16	static
../Core/Src/USART_COMM.c:364:6:Variables_Init	4	static
